[00:00:00.000] (1a6c) INFO   Razor located
[00:00:00.000] (1a6c) INFO   Using the provided logger.
[00:00:00.144] (1a6c) INFO   Created window.
[00:00:00.144] (1a6c) TRACE  MAX_TEXTURE_SIZE: 32768
[00:00:00.156] (1a6c) TRACE  Configured vertex client::rendering::model_vertex::ModelVertex: Size 24, Stride: 24
[00:00:00.156] (1a6c) TRACE  Configured vertex client::rendering::textured_vertex::TexturedVertex: Size 20, Stride: 20
[00:00:00.163] (1a6c) TRACE  Window resized: Physical(Vector2 [1904.0, 990.0]) Logical(Vector2 [1904.0, 990.0])
[00:00:00.163] (1a6c) TRACE  Window resized: Physical(Vector2 [1280.0, 1024.0]) Logical(Vector2 [1280.0, 1024.0])
[00:00:01.168] (1a6c) TRACE  Event::Update   :  144 /    3759 tps |  265972 ns
[00:00:02.175] (1a6c) TRACE  Event::Update   :  145 /   23106 tps |   43277 ns
[00:00:03.182] (1a6c) TRACE  Event::Update   :  145 /   18355 tps |   54479 ns
[00:00:04.182] (1a6c) TRACE  Event::Update   :  144 /   20089 tps |   49778 ns
[00:00:05.182] (1a6c) TRACE  Event::Update   :  144 /   19955 tps |   50112 ns
