[00:00:09.248] (990) INFO   Rune executed MoveRune { entity: 0, desired_amount: Vector3 [-0.09787878, 0.0, -0.020487681] }
[00:00:09.263] (990) INFO   Rune executed MoveRune { entity: 0, desired_amount: Vector3 [-0.09787878, 0.0, -0.020487681] }
[00:00:09.279] (990) INFO   Rune executed MoveRune { entity: 0, desired_amount: Vector3 [-0.09787878, 0.0, -0.020487681] }
[00:00:09.295] (990) INFO   Rune executed MoveRune { entity: 0, desired_amount: Vector3 [-0.09787878, 0.0, -0.02048768] }
[00:00:09.310] (990) INFO   Rune executed MoveRune { entity: 0, desired_amount: Vector3 [-0.09787878, 0.0, -0.02048768] }
[00:00:09.326] (990) INFO   Rune executed MoveRune { entity: 0, desired_amount: Vector3 [-0.09787878, 0.0, -0.020487683] }
[00:00:09.342] (990) INFO   Rune executed MoveRune { entity: 0, desired_amount: Vector3 [-0.09787878, 0.0, -0.020487683] }
[00:00:09.357] (990) INFO   Rune executed MoveRune { entity: 0, desired_amount: Vector3 [-0.097878784, 0.0, -0.020487683] }
[00:00:09.373] (990) INFO   Rune executed MoveRune { entity: 0, desired_amount: Vector3 [-0.09767728, 7.0007994e-10, -0.021427745] }
[00:00:09.388] (990) INFO   Rune executed MoveRune { entity: 0, desired_amount: Vector3 [-0.09767729, 7.0008005e-10, -0.021427747] }
[00:00:09.404] (990) INFO   Rune executed MoveRune { entity: 0, desired_amount: Vector3 [-0.098070316, -1.284924e-13, -0.019550275] }
[00:00:09.419] (990) INFO   Rune executed MoveRune { entity: 0, desired_amount: Vector3 [-0.098070316, -1.284924e-13, -0.019550275] }
[00:00:09.434] (990) INFO   Rune executed MoveRune { entity: 0, desired_amount: Vector3 [-0.09767721, 7.002085e-10, -0.021428088] }
[00:00:09.449] (990) INFO   Rune executed MoveRune { entity: 0, desired_amount: Vector3 [-0.09842374, -1.927617e-13, -0.017685205] }
[00:00:09.469] (990) INFO   Rune executed MoveRune { entity: 0, desired_amount: Vector3 [-0.097677134, 7.002727e-10, -0.021428429] }
[00:00:09.494] (990) INFO   Rune executed MoveRune { entity: 0, desired_amount: Vector3 [-0.097677134, 7.002727e-10, -0.02142843] }
[00:00:09.510] (990) INFO   Rune executed MoveRune { entity: 0, desired_amount: Vector3 [-0.09767776, -3.2144228e-13, -0.021425625] }
[00:00:09.525] (990) INFO   Rune executed MoveRune { entity: 0, desired_amount: Vector3 [-0.09767776, -3.2144228e-13, -0.021425622] }
[00:00:09.542] (990) INFO   Rune executed MoveRune { entity: 0, desired_amount: Vector3 [-0.097677745, -3.2144223e-13, -0.021425618] }
[00:00:09.557] (990) INFO   Rune executed MoveRune { entity: 0, desired_amount: Vector3 [-0.09767776, -3.2144225e-13, -0.021425622] }
[00:00:09.572] (990) INFO   Rune executed MoveRune { entity: 0, desired_amount: Vector3 [-0.097677745, -3.2144217e-13, -0.021425618] }
[00:00:09.587] (990) INFO   Rune executed MoveRune { entity: 0, desired_amount: Vector3 [-0.09787886, -3.2142808e-13, -0.020487243] }
[00:00:09.602] (990) INFO   Rune executed MoveRune { entity: 0, desired_amount: Vector3 [-0.09767773, -3.2144217e-13, -0.021425704] }
[00:00:09.618] (990) INFO   Rune executed MoveRune { entity: 0, desired_amount: Vector3 [-0.097677104, 7.007232e-10, -0.021428516] }
[00:00:09.634] (990) INFO   Rune executed MoveRune { entity: 0, desired_amount: Vector3 [-0.097677104, 7.007233e-10, -0.021428518] }
[00:00:09.650] (990) INFO   Rune executed MoveRune { entity: 0, desired_amount: Vector3 [-0.09767773, -4.503004e-13, -0.021425717] }
[00:00:09.665] (990) INFO   Rune executed MoveRune { entity: 0, desired_amount: Vector3 [-0.09842443, -4.5021753e-13, -0.017681472] }
[00:00:09.680] (990) INFO   Rune executed MoveRune { entity: 0, desired_amount: Vector3 [-0.09767828, -4.5030134e-13, -0.021423267] }
[00:00:09.695] (990) INFO   Rune executed MoveRune { entity: 0, desired_amount: Vector3 [-0.09767765, -4.503003e-13, -0.021426057] }
[00:00:09.711] (990) INFO   Rune executed MoveRune { entity: 0, desired_amount: Vector3 [-0.097677656, -4.5030036e-13, -0.02142606] }
[00:00:09.726] (990) INFO   Rune executed MoveRune { entity: 0, desired_amount: Vector3 [-0.09767767, -4.503004e-13, -0.02142605] }
[00:00:09.742] (990) INFO   Rune executed MoveRune { entity: 0, desired_amount: Vector3 [-0.09767766, -4.503004e-13, -0.021426048] }
[00:00:09.757] (990) INFO   Rune executed MoveRune { entity: 0, desired_amount: Vector3 [-0.097677656, -4.5030036e-13, -0.021426046] }
[00:00:09.772] (990) INFO   Rune executed MoveRune { entity: 0, desired_amount: Vector3 [-0.09767766, -4.5030036e-13, -0.021426046] }
[00:00:09.788] (990) INFO   Rune executed MoveRune { entity: 0, desired_amount: Vector3 [-0.09767765, -4.503003e-13, -0.021426043] }
[00:00:09.804] (990) INFO   Rune executed MoveRune { entity: 0, desired_amount: Vector3 [-0.09767765, -4.5030036e-13, -0.021426044] }
[00:00:09.819] (990) INFO   Rune executed MoveRune { entity: 0, desired_amount: Vector3 [-0.09767766, -4.503004e-13, -0.021426048] }
[00:00:09.835] (990) INFO   Rune executed MoveRune { entity: 0, desired_amount: Vector3 [-0.09767766, -4.5030036e-13, -0.021426046] }
[00:00:09.850] (990) INFO   Rune executed MoveRune { entity: 0, desired_amount: Vector3 [-0.09767765, -4.503003e-13, -0.021426044] }
[00:00:09.866] (990) INFO   Rune executed MoveRune { entity: 0, desired_amount: Vector3 [-0.09767766, -4.5030036e-13, -0.021426046] }
[00:00:09.881] (990) INFO   Rune executed MoveRune { entity: 0, desired_amount: Vector3 [-0.09767766, -4.5030036e-13, -0.021426044] }
[00:00:09.896] (990) INFO   Rune executed MoveRune { entity: 0, desired_amount: Vector3 [-0.09767766, -4.503004e-13, -0.021426048] }
[00:00:09.911] (990) INFO   Rune executed MoveRune { entity: 0, desired_amount: Vector3 [-0.09767766, -4.5030036e-13, -0.021426046] }
[00:00:09.927] (990) INFO   Rune executed MoveRune { entity: 0, desired_amount: Vector3 [-0.09767766, -4.503004e-13, -0.021426048] }
[00:00:09.943] (990) INFO   Rune executed MoveRune { entity: 0, desired_amount: Vector3 [-0.09767764, -4.503003e-13, -0.021426043] }
[00:00:09.959] (990) INFO   Rune executed MoveRune { entity: 0, desired_amount: Vector3 [-0.097677656, -4.5030036e-13, -0.021426044] }
[00:00:09.974] (990) INFO   Rune executed MoveRune { entity: 0, desired_amount: Vector3 [-0.097677656, -4.503004e-13, -0.021426048] }
[00:00:09.990] (990) INFO   Rune executed MoveRune { entity: 0, desired_amount: Vector3 [-0.09767766, -4.503004e-13, -0.021426048] }
[00:00:10.004] (990) INFO   Rune executed MoveRune { entity: 0, desired_amount: Vector3 [-0.097677656, -4.5030036e-13, -0.021426046] }
[00:00:10.020] (990) INFO   Rune executed MoveRune { entity: 0, desired_amount: Vector3 [-0.097677656, -4.5030036e-13, -0.021426046] }
[00:00:10.036] (990) INFO   Rune executed MoveRune { entity: 0, desired_amount: Vector3 [0.09800092, -4.2126515e-13, -0.019895216] }
[00:00:10.051] (990) INFO   Rune executed MoveRune { entity: 0, desired_amount: Vector3 [0.09800092, -4.212651e-13, -0.019895218] }
[00:00:10.067] (990) INFO   Rune executed MoveRune { entity: 0, desired_amount: Vector3 [0.09800093, -6.580087e-10, -0.019895222] }
[00:00:10.083] (990) INFO   Rune executed MoveRune { entity: 0, desired_amount: Vector3 [0.09800092, -6.5800865e-10, -0.019895222] }
[00:00:10.098] (990) INFO   Rune executed MoveRune { entity: 0, desired_amount: Vector3 [0.09779774, -3.078801e-13, -0.020871079] }
[00:00:10.113] (990) INFO   Rune executed MoveRune { entity: 0, desired_amount: Vector3 [0.09800094, -3.0788891e-13, -0.019895134] }
[00:00:10.129] (990) INFO   Rune executed MoveRune { entity: 0, desired_amount: Vector3 [0.098000936, -3.0788891e-13, -0.019895134] }
[00:00:10.143] (990) INFO   Rune executed MoveRune { entity: 0, desired_amount: Vector3 [0.09759311, -3.078986e-13, -0.021807918] }
[00:00:10.158] (990) INFO   Rune executed MoveRune { entity: 0, desired_amount: Vector3 [0.097593114, -3.078986e-13, -0.021807916] }
[00:00:10.174] (990) INFO   Rune executed MoveRune { entity: 0, desired_amount: Vector3 [0.0975931, -3.0789856e-13, -0.02180793] }
[00:00:10.189] (990) INFO   Rune executed MoveRune { entity: 0, desired_amount: Vector3 [0.09759311, -3.0789856e-13, -0.02180793] }
[00:00:10.205] (990) INFO   Rune executed MoveRune { entity: 0, desired_amount: Vector3 [0.097797774, -3.0788005e-13, -0.020870926] }
[00:00:10.220] (990) INFO   Rune executed MoveRune { entity: 0, desired_amount: Vector3 [0.09759309, -3.0789854e-13, -0.02180801] }
[00:00:10.235] (990) INFO   Rune executed MoveRune { entity: 0, desired_amount: Vector3 [0.097993135, -6.584612e-10, -0.019933509] }
[00:00:10.251] (990) INFO   Rune executed MoveRune { entity: 0, desired_amount: Vector3 [0.09799314, -6.5846123e-10, -0.01993351] }
[00:00:10.267] (990) INFO   Rune executed MoveRune { entity: 0, desired_amount: Vector3 [0.09759428, -1.9431429e-13, -0.021802627] }
[00:00:10.282] (990) INFO   Rune executed MoveRune { entity: 0, desired_amount: Vector3 [0.09759429, -1.9431429e-13, -0.021802625] }
[00:00:10.297] (990) INFO   Rune executed MoveRune { entity: 0, desired_amount: Vector3 [0.09759428, -1.9431432e-13, -0.021802627] }
[00:00:10.314] (990) INFO   Rune executed MoveRune { entity: 0, desired_amount: Vector3 [0.09759428, -1.9431429e-13, -0.021802625] }
[00:00:10.329] (990) INFO   Rune executed MoveRune { entity: 0, desired_amount: Vector3 [0.09759429, -1.9431432e-13, -0.021802628] }
[00:00:10.344] (990) INFO   Rune executed MoveRune { entity: 0, desired_amount: Vector3 [0.09759429, -1.9431432e-13, -0.021802627] }
[00:00:10.360] (990) INFO   Rune executed MoveRune { entity: 0, desired_amount: Vector3 [0.09759429, -1.9431432e-13, -0.021802628] }
[00:00:10.375] (990) INFO   Rune executed MoveRune { entity: 0, desired_amount: Vector3 [0.09759429, -1.9431432e-13, -0.021802627] }
[00:00:10.391] (990) INFO   Rune executed MoveRune { entity: 0, desired_amount: Vector3 [0.09759429, -1.9431433e-13, -0.021802628] }
[00:00:10.406] (990) INFO   Rune executed MoveRune { entity: 0, desired_amount: Vector3 [0.0975943, -1.9431433e-13, -0.021802628] }
[00:00:10.421] (990) INFO   Rune executed MoveRune { entity: 0, desired_amount: Vector3 [0.09759429, -1.9431433e-13, -0.021802627] }
[00:00:10.436] (990) INFO   Rune executed MoveRune { entity: 0, desired_amount: Vector3 [0.09759429, -1.9431432e-13, -0.021802627] }
[00:00:10.452] (990) INFO   Rune executed MoveRune { entity: 0, desired_amount: Vector3 [0.09759428, -1.9431433e-13, -0.021802627] }
[00:00:10.467] (990) INFO   Rune executed MoveRune { entity: 0, desired_amount: Vector3 [0.09759428, -1.9431432e-13, -0.021802625] }
[00:00:10.483] (990) INFO   Rune executed MoveRune { entity: 0, desired_amount: Vector3 [0.09759429, -1.9431433e-13, -0.021802628] }
[00:00:10.498] (990) INFO   Rune executed MoveRune { entity: 0, desired_amount: Vector3 [0.0975943, -1.9431433e-13, -0.021802627] }
[00:00:10.514] (990) INFO   Rune executed MoveRune { entity: 0, desired_amount: Vector3 [0.09759428, -1.9431433e-13, -0.021802627] }
[00:00:10.529] (990) INFO   Rune executed MoveRune { entity: 0, desired_amount: Vector3 [0.09759429, -1.9431433e-13, -0.021802627] }
[00:00:10.545] (990) INFO   Rune executed MoveRune { entity: 0, desired_amount: Vector3 [0.09759429, -1.9431436e-13, -0.021802628] }
[00:00:10.560] (990) INFO   Rune executed MoveRune { entity: 0, desired_amount: Vector3 [0.09759428, -1.9431433e-13, -0.021802627] }
[00:00:10.575] (990) INFO   Rune executed MoveRune { entity: 0, desired_amount: Vector3 [0.09759428, -1.9431433e-13, -0.021802627] }
[00:00:10.591] (990) INFO   Rune executed MoveRune { entity: 0, desired_amount: Vector3 [0.09759429, -1.9431436e-13, -0.021802627] }
[00:00:10.620] (990) INFO   Rune executed MoveRune { entity: 0, desired_amount: Vector3 [0.09759429, -1.9431436e-13, -0.021802628] }
[00:00:10.635] (990) INFO   Rune executed MoveRune { entity: 0, desired_amount: Vector3 [0.09759428, -1.9431433e-13, -0.021802625] }
[00:00:10.651] (990) INFO   Rune executed MoveRune { entity: 0, desired_amount: Vector3 [0.09759429, -1.9431436e-13, -0.021802627] }
[00:00:10.667] (990) INFO   Rune executed MoveRune { entity: 0, desired_amount: Vector3 [0.0975943, -1.9431436e-13, -0.021802628] }
[00:00:10.682] (990) INFO   Rune executed MoveRune { entity: 0, desired_amount: Vector3 [0.0975943, -1.9431439e-13, -0.02180263] }
[00:00:10.698] (990) INFO   Rune executed MoveRune { entity: 0, desired_amount: Vector3 [0.09759429, -1.9431436e-13, -0.021802627] }
[00:00:10.713] (990) INFO   Rune executed MoveRune { entity: 0, desired_amount: Vector3 [0.09759429, -1.9431439e-13, -0.021802628] }
[00:00:10.729] (990) INFO   Rune executed MoveRune { entity: 0, desired_amount: Vector3 [0.0975943, -1.9431439e-13, -0.021802628] }
[00:00:10.744] (990) INFO   Rune executed MoveRune { entity: 0, desired_amount: Vector3 [0.0975943, -1.943144e-13, -0.02180263] }
[00:00:10.760] (990) INFO   Rune executed MoveRune { entity: 0, desired_amount: Vector3 [0.09759429, -1.9431439e-13, -0.021802627] }
[00:00:10.776] (990) INFO   Rune executed MoveRune { entity: 0, desired_amount: Vector3 [0.09759428, -1.9431439e-13, -0.021802627] }
[00:00:10.790] (990) INFO   Rune executed MoveRune { entity: 0, desired_amount: Vector3 [0.09759428, -1.9431436e-13, -0.021802627] }
[00:00:10.807] (990) INFO   Rune executed MoveRune { entity: 0, desired_amount: Vector3 [0.09759429, -1.9431439e-13, -0.021802628] }
[00:00:10.821] (990) INFO   Rune executed MoveRune { entity: 0, desired_amount: Vector3 [0.09759429, -1.9431439e-13, -0.021802627] }
[00:00:10.837] (990) INFO   Rune executed MoveRune { entity: 0, desired_amount: Vector3 [0.0975943, -1.943144e-13, -0.02180263] }
[00:00:10.852] (990) INFO   Rune executed MoveRune { entity: 0, desired_amount: Vector3 [0.09759428, -1.9431439e-13, -0.021802625] }
[00:00:10.868] (990) INFO   Rune executed MoveRune { entity: 0, desired_amount: Vector3 [0.09759429, -1.943144e-13, -0.021802628] }
[00:00:10.883] (990) INFO   Rune executed MoveRune { entity: 0, desired_amount: Vector3 [0.09759428, -1.9431439e-13, -0.021802627] }
[00:00:10.899] (990) INFO   Rune executed MoveRune { entity: 0, desired_amount: Vector3 [-0.01449827, -2.2406582e-13, -0.098943405] }
[00:00:10.914] (990) INFO   Rune executed MoveRune { entity: 0, desired_amount: Vector3 [-0.01351352, -2.2383255e-13, -0.099082716] }
[00:00:10.930] (990) INFO   Rune executed MoveRune { entity: 0, desired_amount: Vector3 [-0.01449837, -2.2406587e-13, -0.098943405] }
[00:00:10.945] (990) INFO   Rune executed MoveRune { entity: 0, desired_amount: Vector3 [-0.011550632, -2.2333516e-13, -0.099330686] }
[00:00:10.960] (990) INFO   Rune executed MoveRune { entity: 0, desired_amount: Vector3 [-0.011550632, -2.2333516e-13, -0.09933068] }
[00:00:10.975] (990) INFO   Rune executed MoveRune { entity: 0, desired_amount: Vector3 [-0.011550632, -2.2333513e-13, -0.09933067] }
[00:00:10.991] (990) INFO   Rune executed MoveRune { entity: 0, desired_amount: Vector3 [-0.011550632, -2.2333513e-13, -0.09933067] }
[00:00:11.006] (990) INFO   Rune executed MoveRune { entity: 0, desired_amount: Vector3 [-0.011550632, -2.2333513e-13, -0.09933068] }
[00:00:11.021] (990) INFO   Rune executed MoveRune { entity: 0, desired_amount: Vector3 [-0.011550632, -2.2333513e-13, -0.09933067] }
[00:00:11.036] (990) INFO   Rune executed MoveRune { entity: 0, desired_amount: Vector3 [-0.011550632, -2.2333512e-13, -0.09933067] }
[00:00:11.052] (990) INFO   Rune executed MoveRune { entity: 0, desired_amount: Vector3 [-0.011550633, -2.2333513e-13, -0.099330686] }
[00:00:11.067] (990) INFO   Rune executed MoveRune { entity: 0, desired_amount: Vector3 [-0.011550631, -2.2333512e-13, -0.09933067] }
[00:00:11.084] (990) INFO   Rune executed MoveRune { entity: 0, desired_amount: Vector3 [-0.011550632, -2.2333512e-13, -0.09933068] }
[00:00:11.098] (990) INFO   Rune executed MoveRune { entity: 0, desired_amount: Vector3 [-0.011550632, -2.2333512e-13, -0.09933068] }
[00:00:11.115] (990) INFO   Rune executed MoveRune { entity: 0, desired_amount: Vector3 [-0.011550632, -2.2333509e-13, -0.09933068] }
[00:00:11.130] (990) INFO   Rune executed MoveRune { entity: 0, desired_amount: Vector3 [-0.011550633, -2.2333512e-13, -0.099330686] }
[00:00:11.146] (990) INFO   Rune executed MoveRune { entity: 0, desired_amount: Vector3 [-0.011550632, -2.2333509e-13, -0.09933068] }
[00:00:11.162] (990) INFO   Rune executed MoveRune { entity: 0, desired_amount: Vector3 [-0.011550631, -2.2333506e-13, -0.09933068] }
[00:00:11.177] (990) INFO   Rune executed MoveRune { entity: 0, desired_amount: Vector3 [-0.011550631, -2.2333506e-13, -0.09933067] }
[00:00:11.192] (990) INFO   Rune executed MoveRune { entity: 0, desired_amount: Vector3 [-0.011550632, -2.2333506e-13, -0.09933068] }
[00:00:11.208] (990) INFO   Rune executed MoveRune { entity: 0, desired_amount: Vector3 [-0.011550633, -2.2333509e-13, -0.099330686] }
[00:00:11.223] (990) INFO   Rune executed MoveRune { entity: 0, desired_amount: Vector3 [-0.011550633, -2.2333509e-13, -0.099330686] }
[00:00:11.238] (990) INFO   Rune executed MoveRune { entity: 0, desired_amount: Vector3 [-0.011550632, -2.2333506e-13, -0.09933068] }
[00:00:11.254] (990) INFO   Rune executed MoveRune { entity: 0, desired_amount: Vector3 [-0.011550631, -2.2333505e-13, -0.09933067] }
[00:00:11.270] (990) INFO   Rune executed MoveRune { entity: 0, desired_amount: Vector3 [-0.011550633, -2.2333506e-13, -0.099330686] }
[00:00:11.285] (990) INFO   Rune executed MoveRune { entity: 0, desired_amount: Vector3 [-0.011550631, -2.2333505e-13, -0.09933067] }
[00:00:11.300] (990) INFO   Rune executed MoveRune { entity: 0, desired_amount: Vector3 [-0.011550631, -2.2333505e-13, -0.09933067] }
[00:00:11.316] (990) INFO   Rune executed MoveRune { entity: 0, desired_amount: Vector3 [-0.011550632, -2.2333505e-13, -0.09933068] }
[00:00:11.332] (990) INFO   Rune executed MoveRune { entity: 0, desired_amount: Vector3 [-0.011550631, -2.2333502e-13, -0.09933068] }
[00:00:11.347] (990) INFO   Rune executed MoveRune { entity: 0, desired_amount: Vector3 [-0.011550631, -2.2333505e-13, -0.09933068] }
[00:00:11.363] (990) INFO   Rune executed MoveRune { entity: 0, desired_amount: Vector3 [-0.011550632, -2.2333505e-13, -0.09933068] }
[00:00:11.378] (990) INFO   Rune executed MoveRune { entity: 0, desired_amount: Vector3 [-0.011550632, -2.2333502e-13, -0.09933068] }
[00:00:11.394] (990) INFO   Rune executed MoveRune { entity: 0, desired_amount: Vector3 [-0.011550631, -2.2333502e-13, -0.09933068] }
[00:00:11.409] (990) INFO   Rune executed MoveRune { entity: 0, desired_amount: Vector3 [-0.011550632, -2.2333502e-13, -0.09933068] }
[00:00:11.424] (990) INFO   Rune executed MoveRune { entity: 0, desired_amount: Vector3 [-0.011550633, -2.2333502e-13, -0.09933068] }
[00:00:11.440] (990) INFO   Rune executed MoveRune { entity: 0, desired_amount: Vector3 [-0.011550631, -2.2333501e-13, -0.09933067] }
[00:00:11.455] (990) INFO   Rune executed MoveRune { entity: 0, desired_amount: Vector3 [-0.011550632, -2.2333501e-13, -0.09933067] }
[00:00:11.470] (990) INFO   Rune executed MoveRune { entity: 0, desired_amount: Vector3 [-0.011550632, -2.2333501e-13, -0.09933067] }
[00:00:11.487] (990) INFO   Rune executed MoveRune { entity: 0, desired_amount: Vector3 [0.021255668, -3.0347852e-13, 0.09771486] }
[00:00:11.502] (990) INFO   Rune executed MoveRune { entity: 0, desired_amount: Vector3 [0.021234931, -3.0634702e-13, 0.09771938] }
[00:00:11.518] (990) INFO   Rune executed MoveRune { entity: 0, desired_amount: Vector3 [0.02123493, -3.0634702e-13, 0.097719386] }
[00:00:11.534] (990) INFO   Rune executed MoveRune { entity: 0, desired_amount: Vector3 [0.021234931, -3.0634702e-13, 0.097719386] }
[00:00:11.549] (990) INFO   Rune executed MoveRune { entity: 0, desired_amount: Vector3 [0.021234931, -3.0634702e-13, 0.097719386] }
[00:00:11.564] (990) INFO   Rune executed MoveRune { entity: 0, desired_amount: Vector3 [0.021234931, -3.0634696e-13, 0.09771938] }
[00:00:11.580] (990) INFO   Rune executed MoveRune { entity: 0, desired_amount: Vector3 [0.021234931, -3.0634696e-13, 0.097719386] }
[00:00:11.610] (990) INFO   Rune executed MoveRune { entity: 0, desired_amount: Vector3 [0.021234933, -3.06347e-13, 0.097719386] }
[00:00:11.627] (990) INFO   Rune executed MoveRune { entity: 0, desired_amount: Vector3 [0.021234935, -3.0634702e-13, 0.09771939] }
[00:00:11.641] (990) INFO   Rune executed MoveRune { entity: 0, desired_amount: Vector3 [0.021234933, -3.0634696e-13, 0.097719386] }
[00:00:11.656] (990) INFO   Rune executed MoveRune { entity: 0, desired_amount: Vector3 [0.021234933, -3.0634696e-13, 0.097719386] }
[00:00:11.671] (990) INFO   Rune executed MoveRune { entity: 0, desired_amount: Vector3 [0.021234935, -3.0634693e-13, 0.097719386] }
[00:00:11.687] (990) INFO   Rune executed MoveRune { entity: 0, desired_amount: Vector3 [0.021234933, -3.0634693e-13, 0.097719386] }
[00:00:11.702] (990) INFO   Rune executed MoveRune { entity: 0, desired_amount: Vector3 [0.021234935, -3.0634693e-13, 0.09771939] }
[00:00:11.717] (990) INFO   Rune executed MoveRune { entity: 0, desired_amount: Vector3 [0.021234933, -3.063469e-13, 0.097719386] }
[00:00:11.733] (990) INFO   Rune executed MoveRune { entity: 0, desired_amount: Vector3 [0.021234931, -3.0634688e-13, 0.09771938] }
[00:00:11.748] (990) INFO   Rune executed MoveRune { entity: 0, desired_amount: Vector3 [0.021234931, -3.0634688e-13, 0.09771938] }
[00:00:11.765] (990) INFO   Rune executed MoveRune { entity: 0, desired_amount: Vector3 [0.021234935, -3.0634688e-13, 0.097719386] }
[00:00:11.779] (990) INFO   Rune executed MoveRune { entity: 0, desired_amount: Vector3 [0.021234931, -3.0634685e-13, 0.09771938] }
[00:00:11.795] (990) INFO   Rune executed MoveRune { entity: 0, desired_amount: Vector3 [0.021234933, -3.0634685e-13, 0.097719386] }
[00:00:11.810] (990) INFO   Rune executed MoveRune { entity: 0, desired_amount: Vector3 [0.021234933, -3.0634683e-13, 0.097719386] }
[00:00:11.825] (990) INFO   Rune executed MoveRune { entity: 0, desired_amount: Vector3 [0.021234933, -3.0634685e-13, 0.09771939] }
[00:00:11.840] (990) INFO   Rune executed MoveRune { entity: 0, desired_amount: Vector3 [0.021234931, -3.0634683e-13, 0.097719386] }
[00:00:11.856] (990) INFO   Rune executed MoveRune { entity: 0, desired_amount: Vector3 [0.021234933, -3.0634683e-13, 0.097719386] }
[00:00:11.872] (990) INFO   Rune executed MoveRune { entity: 0, desired_amount: Vector3 [0.021234931, -3.063468e-13, 0.097719386] }
[00:00:11.886] (990) INFO   Rune executed MoveRune { entity: 0, desired_amount: Vector3 [0.021234931, -3.063468e-13, 0.097719386] }
[00:00:11.901] (990) INFO   Rune executed MoveRune { entity: 0, desired_amount: Vector3 [0.021234931, -3.0634677e-13, 0.097719386] }
[00:00:11.916] (990) INFO   Rune executed MoveRune { entity: 0, desired_amount: Vector3 [0.021234931, -3.0634677e-13, 0.097719386] }
[00:00:11.931] (990) INFO   Rune executed MoveRune { entity: 0, desired_amount: Vector3 [0.021234933, -3.0634674e-13, 0.097719386] }
[00:00:11.947] (990) INFO   Rune executed MoveRune { entity: 0, desired_amount: Vector3 [0.021234933, -3.0634674e-13, 0.097719386] }
[00:00:11.962] (990) INFO   Rune executed MoveRune { entity: 0, desired_amount: Vector3 [0.021234931, -3.0634672e-13, 0.097719386] }
[00:00:11.977] (990) INFO   Rune executed MoveRune { entity: 0, desired_amount: Vector3 [0.021234931, -3.0634672e-13, 0.09771938] }
[00:00:11.993] (990) INFO   Rune executed MoveRune { entity: 0, desired_amount: Vector3 [0.021234931, -3.0634672e-13, 0.09771938] }
[00:00:12.009] (990) INFO   Rune executed MoveRune { entity: 0, desired_amount: Vector3 [0.021234931, -3.0634672e-13, 0.097719386] }
[00:00:12.024] (990) INFO   Rune executed MoveRune { entity: 0, desired_amount: Vector3 [0.021234933, -3.0634672e-13, 0.097719386] }
[00:00:12.039] (990) INFO   Rune executed MoveRune { entity: 0, desired_amount: Vector3 [0.021234933, -3.0634672e-13, 0.09771939] }
[00:00:12.054] (990) INFO   Rune executed MoveRune { entity: 0, desired_amount: Vector3 [0.02123493, -3.0634664e-13, 0.09771938] }
[00:00:12.070] (990) INFO   Rune executed MoveRune { entity: 0, desired_amount: Vector3 [0.021234935, -3.063467e-13, 0.097719386] }
[00:00:12.086] (990) INFO   Rune executed MoveRune { entity: 0, desired_amount: Vector3 [0.021234931, -3.0634666e-13, 0.09771938] }
[00:00:12.101] (990) INFO   Rune executed MoveRune { entity: 0, desired_amount: Vector3 [0.021234933, -3.0634666e-13, 0.097719386] }
[00:00:12.116] (990) INFO   Rune executed MoveRune { entity: 0, desired_amount: Vector3 [0.021234933, -3.0634664e-13, 0.09771938] }
[00:00:12.132] (990) INFO   Rune executed MoveRune { entity: 0, desired_amount: Vector3 [0.021234935, -3.0634666e-13, 0.09771939] }
[00:00:12.148] (990) INFO   Rune executed MoveRune { entity: 0, desired_amount: Vector3 [0.021234933, -3.063466e-13, 0.097719386] }
[00:00:12.164] (990) INFO   Rune executed MoveRune { entity: 0, desired_amount: Vector3 [0.021234931, -3.063466e-13, 0.09771938] }
[00:00:12.180] (990) INFO   Rune executed MoveRune { entity: 0, desired_amount: Vector3 [0.021234933, -3.063466e-13, 0.097719386] }
[00:00:12.196] (990) INFO   Rune executed MoveRune { entity: 0, desired_amount: Vector3 [0.021234931, -3.063466e-13, 0.097719386] }
[00:00:12.211] (990) INFO   Rune executed MoveRune { entity: 0, desired_amount: Vector3 [-0.07785092, -1.870789e-13, 0.062763326] }
[00:00:12.227] (990) INFO   Rune executed MoveRune { entity: 0, desired_amount: Vector3 [-0.077850915, -1.8707887e-13, 0.062763326] }
[00:00:12.241] (990) INFO   Rune executed MoveRune { entity: 0, desired_amount: Vector3 [-0.077850915, -1.8707887e-13, 0.062763326] }
[00:00:12.256] (990) INFO   Rune executed MoveRune { entity: 0, desired_amount: Vector3 [-0.07785092, -1.8707887e-13, 0.06276333] }
[00:00:12.272] (990) INFO   Rune executed MoveRune { entity: 0, desired_amount: Vector3 [-0.077850915, -1.8707883e-13, 0.062763326] }
[00:00:12.288] (990) INFO   Rune executed MoveRune { entity: 0, desired_amount: Vector3 [-0.077850915, -1.8707883e-13, 0.062763326] }
[00:00:12.303] (990) INFO   Rune executed MoveRune { entity: 0, desired_amount: Vector3 [-0.077850915, -1.8707883e-13, 0.062763326] }
[00:00:12.319] (990) INFO   Rune executed MoveRune { entity: 0, desired_amount: Vector3 [-0.077850915, -1.870788e-13, 0.062763326] }
[00:00:12.335] (990) INFO   Rune executed MoveRune { entity: 0, desired_amount: Vector3 [-0.07785091, -1.870788e-13, 0.062763326] }
[00:00:12.351] (990) INFO   Rune executed MoveRune { entity: 0, desired_amount: Vector3 [-0.07785092, -1.870788e-13, 0.062763326] }
[00:00:12.366] (990) INFO   Rune executed MoveRune { entity: 0, desired_amount: Vector3 [-0.077850915, -1.870788e-13, 0.062763326] }
[00:00:12.381] (990) INFO   Rune executed MoveRune { entity: 0, desired_amount: Vector3 [-0.077850915, -1.8707879e-13, 0.062763326] }
[00:00:12.397] (990) INFO   Rune executed MoveRune { entity: 0, desired_amount: Vector3 [-0.077850915, -1.8707879e-13, 0.062763326] }
[00:00:12.411] (990) INFO   Rune executed MoveRune { entity: 0, desired_amount: Vector3 [-0.07785091, -1.8707876e-13, 0.062763326] }
[00:00:12.428] (990) INFO   Rune executed MoveRune { entity: 0, desired_amount: Vector3 [-0.077850915, -1.8707876e-13, 0.06276333] }
[00:00:12.442] (990) INFO   Rune executed MoveRune { entity: 0, desired_amount: Vector3 [-0.07785092, -1.8707876e-13, 0.062763326] }
[00:00:12.459] (990) INFO   Rune executed MoveRune { entity: 0, desired_amount: Vector3 [-0.077850915, -1.8707875e-13, 0.062763326] }
[00:00:12.475] (990) INFO   Rune executed MoveRune { entity: 0, desired_amount: Vector3 [-0.07785091, -1.8707872e-13, 0.062763326] }
[00:00:12.489] (990) INFO   Rune executed MoveRune { entity: 0, desired_amount: Vector3 [-0.07785092, -1.8707875e-13, 0.06276333] }
[00:00:12.505] (990) INFO   Rune executed MoveRune { entity: 0, desired_amount: Vector3 [-0.07785091, -1.8707869e-13, 0.062763326] }
[00:00:12.520] (990) INFO   Rune executed MoveRune { entity: 0, desired_amount: Vector3 [-0.07785091, -1.8707869e-13, 0.062763326] }
[00:00:12.536] (990) INFO   Rune executed MoveRune { entity: 0, desired_amount: Vector3 [-0.077850915, -1.8707869e-13, 0.062763326] }
[00:00:12.551] (990) INFO   Rune executed MoveRune { entity: 0, desired_amount: Vector3 [-0.07785091, -1.8707868e-13, 0.062763326] }
[00:00:12.566] (990) INFO   Rune executed MoveRune { entity: 0, desired_amount: Vector3 [-0.077850915, -1.8707868e-13, 0.062763326] }
[00:00:12.582] (990) INFO   Rune executed MoveRune { entity: 0, desired_amount: Vector3 [-0.077850915, -1.8707868e-13, 0.062763326] }
[00:00:12.597] (990) INFO   Rune executed MoveRune { entity: 0, desired_amount: Vector3 [-0.077850915, -1.8707865e-13, 0.062763326] }
[00:00:12.612] (990) INFO   Rune executed MoveRune { entity: 0, desired_amount: Vector3 [-0.07785092, -1.8707868e-13, 0.06276333] }
[00:00:12.628] (990) INFO   Rune executed MoveRune { entity: 0, desired_amount: Vector3 [-0.07785091, -1.8707864e-13, 0.062763326] }
[00:00:12.643] (990) INFO   Rune executed MoveRune { entity: 0, desired_amount: Vector3 [-0.07785091, -1.8707864e-13, 0.062763326] }
[00:00:12.658] (990) INFO   Rune executed MoveRune { entity: 0, desired_amount: Vector3 [-0.077850915, -1.8707864e-13, 0.062763326] }
[00:00:12.674] (990) INFO   Rune executed MoveRune { entity: 0, desired_amount: Vector3 [-0.077850915, -1.8707864e-13, 0.06276333] }
[00:00:12.689] (990) INFO   Rune executed MoveRune { entity: 0, desired_amount: Vector3 [-0.077850915, -1.8707861e-13, 0.062763326] }
[00:00:12.705] (990) INFO   Rune executed MoveRune { entity: 0, desired_amount: Vector3 [-0.077850915, -1.8707858e-13, 0.062763326] }
[00:00:12.721] (990) INFO   Rune executed MoveRune { entity: 0, desired_amount: Vector3 [-0.07785092, -1.8707861e-13, 0.06276333] }
[00:00:12.736] (990) INFO   Rune executed MoveRune { entity: 0, desired_amount: Vector3 [-0.077850915, -1.8707858e-13, 0.062763326] }
[00:00:12.753] (990) INFO   Rune executed MoveRune { entity: 0, desired_amount: Vector3 [-0.08535329, -1.6577134e-13, -0.052103877] }
[00:00:12.782] (990) INFO   Rune executed MoveRune { entity: 0, desired_amount: Vector3 [-0.08535331, -1.6577135e-13, -0.052103885] }
[00:00:12.798] (990) INFO   Rune executed MoveRune { entity: 0, desired_amount: Vector3 [-0.0853533, -1.6577133e-13, -0.052103877] }
[00:00:12.813] (990) INFO   Rune executed MoveRune { entity: 0, desired_amount: Vector3 [-0.0853533, -1.657713e-13, -0.052103877] }
[00:00:12.828] (990) INFO   Rune executed MoveRune { entity: 0, desired_amount: Vector3 [-0.0853533, -1.657713e-13, -0.052103877] }
[00:00:12.843] (990) INFO   Rune executed MoveRune { entity: 0, desired_amount: Vector3 [-0.0853533, -1.657713e-13, -0.052103877] }
[00:00:12.858] (990) INFO   Rune executed MoveRune { entity: 0, desired_amount: Vector3 [-0.08535331, -1.6577131e-13, -0.052103885] }
[00:00:12.874] (990) INFO   Rune executed MoveRune { entity: 0, desired_amount: Vector3 [-0.08535331, -1.6577129e-13, -0.052103877] }
[00:00:12.889] (990) INFO   Rune executed MoveRune { entity: 0, desired_amount: Vector3 [-0.0853533, -1.6577127e-13, -0.052103877] }
[00:00:12.904] (990) INFO   Rune executed MoveRune { entity: 0, desired_amount: Vector3 [-0.0853533, -1.6577127e-13, -0.052103877] }
[00:00:12.920] (990) INFO   Rune executed MoveRune { entity: 0, desired_amount: Vector3 [-0.0853533, -1.6577127e-13, -0.052103877] }
[00:00:12.935] (990) INFO   Rune executed MoveRune { entity: 0, desired_amount: Vector3 [-0.0853533, -1.6577125e-13, -0.052103877] }
[00:00:12.951] (990) INFO   Rune executed MoveRune { entity: 0, desired_amount: Vector3 [-0.0853533, -1.6577125e-13, -0.052103877] }
[00:00:12.966] (990) INFO   Rune executed MoveRune { entity: 0, desired_amount: Vector3 [-0.0853533, -1.6577125e-13, -0.052103877] }
[00:00:12.982] (990) INFO   Rune executed MoveRune { entity: 0, desired_amount: Vector3 [-0.0853533, -1.6577125e-13, -0.052103877] }
[00:00:12.998] (990) INFO   Rune executed MoveRune { entity: 0, desired_amount: Vector3 [-0.0853533, -1.6577123e-13, -0.052103877] }
[00:00:13.013] (990) INFO   Rune executed MoveRune { entity: 0, desired_amount: Vector3 [-0.08535331, -1.6577123e-13, -0.052103877] }
[00:00:13.029] (990) INFO   Rune executed MoveRune { entity: 0, desired_amount: Vector3 [-0.0853533, -1.657712e-13, -0.052103877] }
[00:00:13.044] (990) INFO   Rune executed MoveRune { entity: 0, desired_amount: Vector3 [-0.0853533, -1.6577122e-13, -0.052103885] }
[00:00:13.059] (990) INFO   Rune executed MoveRune { entity: 0, desired_amount: Vector3 [-0.08535331, -1.657712e-13, -0.052103885] }
[00:00:13.074] (990) INFO   Rune executed MoveRune { entity: 0, desired_amount: Vector3 [-0.0853533, -1.6577119e-13, -0.052103877] }
[00:00:13.090] (990) INFO   Rune executed MoveRune { entity: 0, desired_amount: Vector3 [-0.0853533, -1.6577119e-13, -0.052103877] }
[00:00:13.106] (990) INFO   Rune executed MoveRune { entity: 0, desired_amount: Vector3 [-0.08535331, -1.6577119e-13, -0.052103877] }
[00:00:13.121] (990) INFO   Rune executed MoveRune { entity: 0, desired_amount: Vector3 [-0.0853533, -1.6577118e-13, -0.052103877] }
[00:00:13.137] (990) INFO   Rune executed MoveRune { entity: 0, desired_amount: Vector3 [-0.08535331, -1.6577118e-13, -0.052103885] }
[00:00:13.153] (990) INFO   Rune executed MoveRune { entity: 0, desired_amount: Vector3 [-0.0853533, -1.6577115e-13, -0.052103877] }
[00:00:13.168] (990) INFO   Rune executed MoveRune { entity: 0, desired_amount: Vector3 [-0.08535331, -1.6577115e-13, -0.052103877] }
[00:00:13.183] (990) INFO   Rune executed MoveRune { entity: 0, desired_amount: Vector3 [-0.08535331, -1.6577114e-13, -0.052103877] }
[00:00:13.199] (990) INFO   Rune executed MoveRune { entity: 0, desired_amount: Vector3 [-0.0853533, -1.6577114e-13, -0.052103877] }
[00:00:13.215] (990) INFO   Rune executed MoveRune { entity: 0, desired_amount: Vector3 [-0.0853533, -1.6577114e-13, -0.052103877] }
[00:00:13.230] (990) INFO   Rune executed MoveRune { entity: 0, desired_amount: Vector3 [-0.08535331, -1.6577114e-13, -0.052103885] }
[00:00:13.245] (990) INFO   Rune executed MoveRune { entity: 0, desired_amount: Vector3 [-0.08535331, -1.6577111e-13, -0.052103877] }
[00:00:13.260] (990) INFO   Rune executed MoveRune { entity: 0, desired_amount: Vector3 [-0.03251189, -1.9605849e-13, -0.09456732] }
[00:00:13.276] (990) INFO   Rune executed MoveRune { entity: 0, desired_amount: Vector3 [-0.032511886, -1.9605852e-13, -0.09456732] }
[00:00:13.291] (990) INFO   Rune executed MoveRune { entity: 0, desired_amount: Vector3 [-0.032511886, -1.9605849e-13, -0.094567314] }
[00:00:13.307] (990) INFO   Rune executed MoveRune { entity: 0, desired_amount: Vector3 [-0.032511886, -1.9605849e-13, -0.09456732] }
[00:00:13.322] (990) INFO   Rune executed MoveRune { entity: 0, desired_amount: Vector3 [-0.032511886, -1.9605849e-13, -0.09456732] }
[00:00:13.338] (990) INFO   Rune executed MoveRune { entity: 0, desired_amount: Vector3 [-0.032511886, -1.9605852e-13, -0.09456732] }
[00:00:13.353] (990) INFO   Rune executed MoveRune { entity: 0, desired_amount: Vector3 [-0.032511882, -1.9605849e-13, -0.09456732] }
[00:00:13.369] (990) INFO   Rune executed MoveRune { entity: 0, desired_amount: Vector3 [-0.032511886, -1.9605849e-13, -0.09456732] }
[00:00:13.385] (990) INFO   Rune executed MoveRune { entity: 0, desired_amount: Vector3 [-0.032511886, -1.9605849e-13, -0.094567314] }
[00:00:13.399] (990) INFO   Rune executed MoveRune { entity: 0, desired_amount: Vector3 [-0.032511886, -1.9605852e-13, -0.09456732] }
[00:00:13.415] (990) INFO   Rune executed MoveRune { entity: 0, desired_amount: Vector3 [-0.032511886, -1.9605849e-13, -0.09456732] }
[00:00:13.431] (990) INFO   Rune executed MoveRune { entity: 0, desired_amount: Vector3 [-0.032511886, -1.9605849e-13, -0.09456732] }
[00:00:13.447] (990) INFO   Rune executed MoveRune { entity: 0, desired_amount: Vector3 [-0.032511886, -1.9605849e-13, -0.094567314] }
[00:00:13.463] (990) INFO   Rune executed MoveRune { entity: 0, desired_amount: Vector3 [-0.032511886, -1.9605849e-13, -0.09456732] }
[00:00:13.478] (990) INFO   Rune executed MoveRune { entity: 0, desired_amount: Vector3 [-0.032511886, -1.9605849e-13, -0.09456732] }
[00:00:13.494] (990) INFO   Rune executed MoveRune { entity: 0, desired_amount: Vector3 [-0.032511886, -1.9605849e-13, -0.094567314] }
[00:00:13.510] (990) INFO   Rune executed MoveRune { entity: 0, desired_amount: Vector3 [-0.032511882, -1.9605849e-13, -0.09456732] }
[00:00:13.526] (990) INFO   Rune executed MoveRune { entity: 0, desired_amount: Vector3 [-0.032511886, -1.9605849e-13, -0.09456732] }
[00:00:13.540] (990) INFO   Rune executed MoveRune { entity: 0, desired_amount: Vector3 [-0.032511886, -1.9605849e-13, -0.09456732] }
[00:00:13.556] (990) INFO   Rune executed MoveRune { entity: 0, desired_amount: Vector3 [-0.032511886, -1.9605849e-13, -0.09456732] }
[00:00:13.571] (990) INFO   Rune executed MoveRune { entity: 0, desired_amount: Vector3 [-0.032511882, -1.9605847e-13, -0.094567314] }
[00:00:13.589] (990) INFO   Rune executed MoveRune { entity: 0, desired_amount: Vector3 [-0.032511886, -1.9605849e-13, -0.09456732] }
[00:00:13.618] (990) INFO   Rune executed MoveRune { entity: 0, desired_amount: Vector3 [-0.032511886, -1.9605849e-13, -0.09456732] }
[00:00:13.633] (990) INFO   Rune executed MoveRune { entity: 0, desired_amount: Vector3 [-0.032511886, -1.9605849e-13, -0.09456732] }
[00:00:13.648] (990) INFO   Rune executed MoveRune { entity: 0, desired_amount: Vector3 [-0.032511886, -1.9605852e-13, -0.09456732] }
[00:00:13.664] (990) INFO   Rune executed MoveRune { entity: 0, desired_amount: Vector3 [-0.032511886, -1.9605849e-13, -0.09456732] }
[00:00:13.679] (990) INFO   Rune executed MoveRune { entity: 0, desired_amount: Vector3 [0.07323258, -1.6630554e-13, -0.06809542] }
[00:00:13.695] (990) INFO   Rune executed MoveRune { entity: 0, desired_amount: Vector3 [0.07246303, -1.655712e-13, -0.06891378] }
[00:00:13.710] (990) INFO   Rune executed MoveRune { entity: 0, desired_amount: Vector3 [0.07246303, -1.6557121e-13, -0.06891378] }
[00:00:13.725] (990) INFO   Rune executed MoveRune { entity: 0, desired_amount: Vector3 [0.07323271, -1.6630566e-13, -0.06809531] }
[00:00:13.741] (990) INFO   Rune executed MoveRune { entity: 0, desired_amount: Vector3 [0.0732327, -1.6630566e-13, -0.06809531] }
[00:00:13.756] (990) INFO   Rune executed MoveRune { entity: 0, desired_amount: Vector3 [0.07323271, -1.6630566e-13, -0.06809531] }
[00:00:13.771] (990) INFO   Rune executed MoveRune { entity: 0, desired_amount: Vector3 [0.0732327, -1.6630565e-13, -0.068095304] }
[00:00:13.786] (990) INFO   Rune executed MoveRune { entity: 0, desired_amount: Vector3 [0.07323271, -1.6630566e-13, -0.06809531] }
[00:00:13.801] (990) INFO   Rune executed MoveRune { entity: 0, desired_amount: Vector3 [0.0732327, -1.6630565e-13, -0.068095304] }
[00:00:13.816] (990) INFO   Rune executed MoveRune { entity: 0, desired_amount: Vector3 [0.0732327, -1.6630565e-13, -0.068095304] }
[00:00:13.832] (990) INFO   Rune executed MoveRune { entity: 0, desired_amount: Vector3 [0.07323271, -1.6630566e-13, -0.06809532] }
[00:00:13.847] (990) INFO   Rune executed MoveRune { entity: 0, desired_amount: Vector3 [0.07323271, -1.6630566e-13, -0.06809531] }
[00:00:13.862] (990) INFO   Rune executed MoveRune { entity: 0, desired_amount: Vector3 [0.07323271, -1.6630565e-13, -0.06809531] }
[00:00:13.877] (990) INFO   Rune executed MoveRune { entity: 0, desired_amount: Vector3 [0.0732327, -1.6630565e-13, -0.06809531] }
[00:00:13.892] (990) INFO   Rune executed MoveRune { entity: 0, desired_amount: Vector3 [0.07323271, -1.6630565e-13, -0.06809531] }
[00:00:13.907] (990) INFO   Rune executed MoveRune { entity: 0, desired_amount: Vector3 [0.0732327, -1.6630565e-13, -0.068095304] }
[00:00:13.924] (990) INFO   Rune executed MoveRune { entity: 0, desired_amount: Vector3 [0.0732327, -1.6630565e-13, -0.068095304] }
[00:00:13.940] (990) INFO   Rune executed MoveRune { entity: 0, desired_amount: Vector3 [0.0732327, -1.6630565e-13, -0.06809531] }
[00:00:13.954] (990) INFO   Rune executed MoveRune { entity: 0, desired_amount: Vector3 [0.07323271, -1.6630565e-13, -0.068095304] }
[00:00:13.970] (990) INFO   Rune executed MoveRune { entity: 0, desired_amount: Vector3 [0.0732327, -1.6630565e-13, -0.068095304] }
[00:00:13.985] (990) INFO   Rune executed MoveRune { entity: 0, desired_amount: Vector3 [0.0732327, -1.6630565e-13, -0.06809531] }
[00:00:14.002] (990) INFO   Rune executed MoveRune { entity: 0, desired_amount: Vector3 [0.0732327, -1.6630565e-13, -0.068095304] }
[00:00:14.017] (990) INFO   Rune executed MoveRune { entity: 0, desired_amount: Vector3 [0.07323271, -1.6630565e-13, -0.06809531] }
[00:00:14.032] (990) INFO   Rune executed MoveRune { entity: 0, desired_amount: Vector3 [0.0732327, -1.6630565e-13, -0.06809531] }
[00:00:14.048] (990) INFO   Rune executed MoveRune { entity: 0, desired_amount: Vector3 [0.0732327, -1.6630565e-13, -0.06809531] }
[00:00:14.063] (990) INFO   Rune executed MoveRune { entity: 0, desired_amount: Vector3 [0.07323271, -1.6630565e-13, -0.06809531] }
[00:00:14.078] (990) INFO   Rune executed MoveRune { entity: 0, desired_amount: Vector3 [0.092520945, -2.095786e-13, 0.0379457] }
[00:00:14.094] (990) INFO   Rune executed MoveRune { entity: 0, desired_amount: Vector3 [0.092520945, -2.095786e-13, 0.0379457] }
[00:00:14.109] (990) INFO   Rune executed MoveRune { entity: 0, desired_amount: Vector3 [0.092520945, -2.095786e-13, 0.0379457] }
[00:00:14.124] (990) INFO   Rune executed MoveRune { entity: 0, desired_amount: Vector3 [0.09219375, -2.0946843e-13, 0.038733874] }
[00:00:14.140] (990) INFO   Rune executed MoveRune { entity: 0, desired_amount: Vector3 [0.09252097, -2.095786e-13, 0.037945624] }
[00:00:14.155] (990) INFO   Rune executed MoveRune { entity: 0, desired_amount: Vector3 [0.09252097, -2.095786e-13, 0.03794562] }
[00:00:14.171] (990) INFO   Rune executed MoveRune { entity: 0, desired_amount: Vector3 [0.092520975, -2.0957862e-13, 0.037945624] }
[00:00:14.187] (990) INFO   Rune executed MoveRune { entity: 0, desired_amount: Vector3 [0.09252097, -2.095786e-13, 0.03794562] }
[00:00:14.203] (990) INFO   Rune executed MoveRune { entity: 0, desired_amount: Vector3 [0.092520975, -2.0957862e-13, 0.037945624] }
[00:00:14.218] (990) INFO   Rune executed MoveRune { entity: 0, desired_amount: Vector3 [0.092520975, -2.0957862e-13, 0.03794563] }
[00:00:14.233] (990) INFO   Rune executed MoveRune { entity: 0, desired_amount: Vector3 [0.092520975, -2.095786e-13, 0.037945624] }
[00:00:14.249] (990) INFO   Rune executed MoveRune { entity: 0, desired_amount: Vector3 [0.092520975, -2.095786e-13, 0.037945624] }
[00:00:14.265] (990) INFO   Rune executed MoveRune { entity: 0, desired_amount: Vector3 [0.09252097, -2.0957858e-13, 0.03794562] }
[00:00:14.281] (990) INFO   Rune executed MoveRune { entity: 0, desired_amount: Vector3 [0.092520975, -2.0957858e-13, 0.037945624] }
[00:00:14.297] (990) INFO   Rune executed MoveRune { entity: 0, desired_amount: Vector3 [0.09252097, -2.0957858e-13, 0.037945624] }
[00:00:14.312] (990) INFO   Rune executed MoveRune { entity: 0, desired_amount: Vector3 [0.092520975, -2.095786e-13, 0.037945624] }
[00:00:14.328] (990) INFO   Rune executed MoveRune { entity: 0, desired_amount: Vector3 [0.092520975, -2.095786e-13, 0.037945624] }
[00:00:14.343] (990) INFO   Rune executed MoveRune { entity: 0, desired_amount: Vector3 [0.044642445, -2.4567447e-13, 0.089482136] }
[00:00:14.359] (990) INFO   Rune executed MoveRune { entity: 0, desired_amount: Vector3 [0.044642434, -2.4567444e-13, 0.08948214] }
[00:00:14.374] (990) INFO   Rune executed MoveRune { entity: 0, desired_amount: Vector3 [0.044642434, -2.4567444e-13, 0.08948214] }
[00:00:14.389] (990) INFO   Rune executed MoveRune { entity: 0, desired_amount: Vector3 [0.04388766, -2.4605236e-13, 0.08985474] }
[00:00:14.405] (990) INFO   Rune executed MoveRune { entity: 0, desired_amount: Vector3 [0.04464252, -2.456744e-13, 0.0894821] }
[00:00:14.421] (990) INFO   Rune executed MoveRune { entity: 0, desired_amount: Vector3 [0.043887574, -2.460524e-13, 0.08985477] }
[00:00:14.438] (990) INFO   Rune executed MoveRune { entity: 0, desired_amount: Vector3 [0.043887574, -2.460524e-13, 0.08985478] }
[00:00:14.467] (990) INFO   Rune executed MoveRune { entity: 0, desired_amount: Vector3 [0.043887578, -2.4605242e-13, 0.08985478] }
[00:00:14.483] (990) INFO   Rune executed MoveRune { entity: 0, desired_amount: Vector3 [0.043887578, -2.4605245e-13, 0.089854784] }
[00:00:14.499] (990) INFO   Rune executed MoveRune { entity: 0, desired_amount: Vector3 [0.043887574, -2.4605242e-13, 0.08985477] }
[00:00:14.516] (990) INFO   Rune executed MoveRune { entity: 0, desired_amount: Vector3 [0.043887574, -2.4605242e-13, 0.08985478] }
[00:00:14.531] (990) INFO   Rune executed MoveRune { entity: 0, desired_amount: Vector3 [0.043887574, -2.4605242e-13, 0.08985477] }
[00:00:14.561] (990) INFO   Rune executed MoveRune { entity: 0, desired_amount: Vector3 [0.04388758, -2.4605247e-13, 0.089854784] }
[00:00:14.577] (990) INFO   Rune executed MoveRune { entity: 0, desired_amount: Vector3 [0.043887578, -2.4605245e-13, 0.08985478] }
[00:00:14.593] (990) INFO   Rune executed MoveRune { entity: 0, desired_amount: Vector3 [-0.040169276, -2.380882e-13, 0.09157745] }
[00:00:14.608] (990) INFO   Rune executed MoveRune { entity: 0, desired_amount: Vector3 [-0.040169276, -2.3808822e-13, 0.091577455] }
[00:00:14.623] (990) INFO   Rune executed MoveRune { entity: 0, desired_amount: Vector3 [-0.039066378, -2.3629265e-13, 0.09205334] }
[00:00:14.639] (990) INFO   Rune executed MoveRune { entity: 0, desired_amount: Vector3 [-0.039066378, -2.3629265e-13, 0.09205335] }
[00:00:14.654] (990) INFO   Rune executed MoveRune { entity: 0, desired_amount: Vector3 [-0.03906638, -2.3629267e-13, 0.09205335] }
[00:00:14.669] (990) INFO   Rune executed MoveRune { entity: 0, desired_amount: Vector3 [-0.03906638, -2.3629267e-13, 0.09205334] }
[00:00:14.685] (990) INFO   Rune executed MoveRune { entity: 0, desired_amount: Vector3 [-0.039066385, -2.3629273e-13, 0.09205335] }
[00:00:14.701] (990) INFO   Rune executed MoveRune { entity: 0, desired_amount: Vector3 [-0.039066385, -2.3629273e-13, 0.09205335] }
[00:00:14.716] (990) INFO   Rune executed MoveRune { entity: 0, desired_amount: Vector3 [-0.03906638, -2.362927e-13, 0.09205334] }
[00:00:14.732] (990) INFO   Rune executed MoveRune { entity: 0, desired_amount: Vector3 [-0.03906638, -2.362927e-13, 0.09205335] }
[00:00:14.747] (990) INFO   Rune executed MoveRune { entity: 0, desired_amount: Vector3 [-0.03906638, -2.362927e-13, 0.09205335] }
[00:00:14.763] (990) INFO   Rune executed MoveRune { entity: 0, desired_amount: Vector3 [-0.039066385, -2.3629273e-13, 0.09205335] }
[00:00:14.778] (990) INFO   Rune executed MoveRune { entity: 0, desired_amount: Vector3 [-0.03906638, -2.3629273e-13, 0.09205334] }
[00:00:14.794] (990) INFO   Rune executed MoveRune { entity: 0, desired_amount: Vector3 [-0.039066385, -2.3629273e-13, 0.09205335] }
[00:00:14.809] (990) INFO   Rune executed MoveRune { entity: 0, desired_amount: Vector3 [-0.03906638, -2.3629273e-13, 0.09205335] }
[00:00:14.825] (990) INFO   Rune executed MoveRune { entity: 0, desired_amount: Vector3 [-0.03906638, -2.3629273e-13, 0.09205335] }
[00:00:14.840] (990) INFO   Rune executed MoveRune { entity: 0, desired_amount: Vector3 [-0.039066385, -2.3629273e-13, 0.09205335] }
[00:00:14.856] (990) INFO   Rune executed MoveRune { entity: 0, desired_amount: Vector3 [-0.092287384, -2.0997299e-13, 0.03851023] }
[00:00:14.871] (990) INFO   Rune executed MoveRune { entity: 0, desired_amount: Vector3 [-0.09228739, -2.0997299e-13, 0.038510233] }
[00:00:14.886] (990) INFO   Rune executed MoveRune { entity: 0, desired_amount: Vector3 [-0.09220107, -2.1011614e-13, 0.038716443] }
[00:00:14.901] (990) INFO   Rune executed MoveRune { entity: 0, desired_amount: Vector3 [-0.0922874, -2.0997302e-13, 0.038510215] }
[00:00:14.917] (990) INFO   Rune executed MoveRune { entity: 0, desired_amount: Vector3 [-0.092111155, -2.1025805e-13, 0.038929876] }
[00:00:14.931] (990) INFO   Rune executed MoveRune { entity: 0, desired_amount: Vector3 [-0.09211115, -2.1025803e-13, 0.038929872] }
[00:00:14.947] (990) INFO   Rune executed MoveRune { entity: 0, desired_amount: Vector3 [-0.09211116, -2.1025805e-13, 0.038929876] }
[00:00:14.962] (990) INFO   Rune executed MoveRune { entity: 0, desired_amount: Vector3 [-0.092111155, -2.1025805e-13, 0.038929876] }
[00:00:14.978] (990) INFO   Rune executed MoveRune { entity: 0, desired_amount: Vector3 [-0.09211115, -2.1025805e-13, 0.038929876] }
[00:00:14.993] (990) INFO   Rune executed MoveRune { entity: 0, desired_amount: Vector3 [-0.09211116, -2.1025807e-13, 0.03892988] }
[00:00:15.008] (990) INFO   Rune executed MoveRune { entity: 0, desired_amount: Vector3 [-0.092111155, -2.1025805e-13, 0.038929876] }
[00:00:15.024] (990) INFO   Rune executed MoveRune { entity: 0, desired_amount: Vector3 [-0.09211116, -2.1025805e-13, 0.03892988] }
[00:00:15.041] (990) INFO   Rune executed MoveRune { entity: 0, desired_amount: Vector3 [-0.09211116, -2.1025805e-13, 0.038929876] }
[00:00:15.071] (990) INFO   Rune executed MoveRune { entity: 0, desired_amount: Vector3 [-0.09211116, -2.1025807e-13, 0.03892988] }
[00:00:15.101] (990) INFO   Rune executed MoveRune { entity: 0, desired_amount: Vector3 [-0.092111155, -2.1025805e-13, 0.03892988] }
[00:00:15.117] (990) INFO   Rune executed MoveRune { entity: 0, desired_amount: Vector3 [-0.08505653, -1.7618555e-13, -0.052586943] }
[00:00:15.132] (990) INFO   Rune executed MoveRune { entity: 0, desired_amount: Vector3 [-0.08505653, -1.7618555e-13, -0.052586943] }
[00:00:15.148] (990) INFO   Rune executed MoveRune { entity: 0, desired_amount: Vector3 [-0.085056536, -1.7618556e-13, -0.052586943] }
[00:00:15.165] (990) INFO   Rune executed MoveRune { entity: 0, desired_amount: Vector3 [-0.08451865, -1.7608767e-13, -0.053447146] }
[00:00:15.180] (990) INFO   Rune executed MoveRune { entity: 0, desired_amount: Vector3 [-0.08397485, -1.7598741e-13, -0.054297537] }
[00:00:15.195] (990) INFO   Rune executed MoveRune { entity: 0, desired_amount: Vector3 [-0.086114, -1.7637415e-13, -0.0508368] }
[00:00:15.211] (990) INFO   Rune executed MoveRune { entity: 0, desired_amount: Vector3 [-0.08397468, -1.7598738e-13, -0.054297816] }
[00:00:15.226] (990) INFO   Rune executed MoveRune { entity: 0, desired_amount: Vector3 [-0.08397468, -1.7598738e-13, -0.054297816] }
[00:00:15.242] (990) INFO   Rune executed MoveRune { entity: 0, desired_amount: Vector3 [-0.08397468, -1.7598737e-13, -0.054297816] }
[00:00:15.257] (990) INFO   Rune executed MoveRune { entity: 0, desired_amount: Vector3 [-0.08397468, -1.7598736e-13, -0.054297816] }
[00:00:15.273] (990) INFO   Rune executed MoveRune { entity: 0, desired_amount: Vector3 [-0.08397468, -1.7598734e-13, -0.054297816] }
[00:00:15.288] (990) INFO   Rune executed MoveRune { entity: 0, desired_amount: Vector3 [-0.08397468, -1.7598733e-13, -0.054297812] }
[00:00:15.303] (990) INFO   Rune executed MoveRune { entity: 0, desired_amount: Vector3 [-0.08397468, -1.7598734e-13, -0.054297816] }
[00:00:15.318] (990) INFO   Rune executed MoveRune { entity: 0, desired_amount: Vector3 [-0.08397468, -1.7598732e-13, -0.054297812] }
[00:00:15.334] (990) INFO   Rune executed MoveRune { entity: 0, desired_amount: Vector3 [-0.08397469, -1.7598732e-13, -0.054297816] }
[00:00:15.349] (990) INFO   Rune executed MoveRune { entity: 0, desired_amount: Vector3 [-0.08397468, -1.7598729e-13, -0.054297812] }
[00:00:15.364] (990) INFO   Rune executed MoveRune { entity: 0, desired_amount: Vector3 [-0.08397468, -1.759873e-13, -0.054297816] }
[00:00:15.381] (990) INFO   Rune executed MoveRune { entity: 0, desired_amount: Vector3 [-0.08397469, -1.759873e-13, -0.054297816] }
[00:00:15.395] (990) INFO   Rune executed MoveRune { entity: 0, desired_amount: Vector3 [-0.08397469, -1.759873e-13, -0.054297816] }
[00:00:15.411] (990) INFO   Rune executed MoveRune { entity: 0, desired_amount: Vector3 [-0.08397468, -1.7598729e-13, -0.054297816] }
[00:00:15.427] (990) INFO   Rune executed MoveRune { entity: 0, desired_amount: Vector3 [-0.08397468, -1.7598728e-13, -0.054297812] }
[00:00:15.442] (990) INFO   Rune executed MoveRune { entity: 0, desired_amount: Vector3 [-0.08397468, -1.7598726e-13, -0.054297816] }
[00:00:15.457] (990) INFO   Rune executed MoveRune { entity: 0, desired_amount: Vector3 [-0.08397468, -1.7598726e-13, -0.054297816] }
[00:00:15.473] (990) INFO   Rune executed MoveRune { entity: 0, desired_amount: Vector3 [0.02337802, -2.2351102e-13, -0.09722895] }
[00:00:15.488] (990) INFO   Rune executed MoveRune { entity: 0, desired_amount: Vector3 [0.02337802, -2.2351099e-13, -0.09722895] }
[00:00:15.504] (990) INFO   Rune executed MoveRune { entity: 0, desired_amount: Vector3 [0.02075527, -3.1030585e-9, -0.09782239] }
[00:00:15.519] (990) INFO   Rune executed MoveRune { entity: 0, desired_amount: Vector3 [0.023378288, 9.442468e-14, -0.09722888] }
[00:00:15.535] (990) INFO   Rune executed MoveRune { entity: 0, desired_amount: Vector3 [0.022497399, 9.418708e-14, -0.09743648] }
[00:00:15.550] (990) INFO   Rune executed MoveRune { entity: 0, desired_amount: Vector3 [0.022497397, 9.4187075e-14, -0.09743647] }
[00:00:15.565] (990) INFO   Rune executed MoveRune { entity: 0, desired_amount: Vector3 [0.022497399, 9.418708e-14, -0.09743648] }
[00:00:15.581] (990) INFO   Rune executed MoveRune { entity: 0, desired_amount: Vector3 [0.022497399, 9.4187075e-14, -0.09743647] }
[00:00:15.597] (990) INFO   Rune executed MoveRune { entity: 0, desired_amount: Vector3 [0.022497399, 9.418708e-14, -0.09743648] }
[00:00:15.611] (990) INFO   Rune executed MoveRune { entity: 0, desired_amount: Vector3 [0.022497399, 9.4187075e-14, -0.09743648] }
[00:00:15.626] (990) INFO   Rune executed MoveRune { entity: 0, desired_amount: Vector3 [0.022497399, 9.418706e-14, -0.09743647] }
[00:00:15.641] (990) INFO   Rune executed MoveRune { entity: 0, desired_amount: Vector3 [0.022497399, 9.4187075e-14, -0.09743647] }
[00:00:15.657] (990) INFO   Rune executed MoveRune { entity: 0, desired_amount: Vector3 [0.022497399, 9.418706e-14, -0.09743648] }
[00:00:15.672] (990) INFO   Rune executed MoveRune { entity: 0, desired_amount: Vector3 [0.022497399, 9.4187075e-14, -0.09743648] }
[00:00:15.688] (990) INFO   Rune executed MoveRune { entity: 0, desired_amount: Vector3 [0.022497399, 9.4187075e-14, -0.09743648] }
[00:00:15.704] (990) INFO   Rune executed MoveRune { entity: 0, desired_amount: Vector3 [0.022497399, 9.418706e-14, -0.09743648] }
[00:00:15.719] (990) INFO   Rune executed MoveRune { entity: 0, desired_amount: Vector3 [0.022497399, 9.418706e-14, -0.09743648] }
[00:00:15.735] (990) INFO   Rune executed MoveRune { entity: 0, desired_amount: Vector3 [0.022497397, 9.418705e-14, -0.09743647] }
[00:00:15.750] (990) INFO   Rune executed MoveRune { entity: 0, desired_amount: Vector3 [0.0224974, 9.418706e-14, -0.09743648] }
[00:00:15.766] (990) INFO   Rune executed MoveRune { entity: 0, desired_amount: Vector3 [0.022497399, 9.418706e-14, -0.09743648] }
[00:00:15.782] (990) INFO   Rune executed MoveRune { entity: 0, desired_amount: Vector3 [0.022497399, 9.418705e-14, -0.09743648] }
[00:00:15.797] (990) INFO   Rune executed MoveRune { entity: 0, desired_amount: Vector3 [0.022497399, 9.418706e-14, -0.09743648] }
[00:00:15.813] (990) INFO   Rune executed MoveRune { entity: 0, desired_amount: Vector3 [0.022497399, 9.418706e-14, -0.09743648] }
[00:00:15.828] (990) INFO   Rune executed MoveRune { entity: 0, desired_amount: Vector3 [0.0224974, 9.418706e-14, -0.09743648] }
[00:00:15.843] (990) INFO   Rune executed MoveRune { entity: 0, desired_amount: Vector3 [0.086234614, 9.3454724e-14, -0.05063193] }
[00:00:15.859] (990) INFO   Rune executed MoveRune { entity: 0, desired_amount: Vector3 [0.0862409, 9.333607e-14, -0.050621223] }
[00:00:15.874] (990) INFO   Rune executed MoveRune { entity: 0, desired_amount: Vector3 [0.08623461, 9.3454724e-14, -0.05063192] }
[00:00:15.890] (990) INFO   Rune executed MoveRune { entity: 0, desired_amount: Vector3 [0.0862409, 9.333605e-14, -0.05062122] }
[00:00:15.906] (990) INFO   Rune executed MoveRune { entity: 0, desired_amount: Vector3 [0.0862409, 9.333605e-14, -0.05062122] }
[00:00:15.921] (990) INFO   Rune executed MoveRune { entity: 0, desired_amount: Vector3 [0.086240895, 9.333605e-14, -0.05062121] }
[00:00:15.937] (990) INFO   Rune executed MoveRune { entity: 0, desired_amount: Vector3 [0.086240895, 9.333605e-14, -0.05062121] }
[00:00:15.952] (990) INFO   Rune executed MoveRune { entity: 0, desired_amount: Vector3 [0.086240895, 9.333605e-14, -0.05062121] }
[00:00:15.968] (990) INFO   Rune executed MoveRune { entity: 0, desired_amount: Vector3 [0.0862409, 9.333606e-14, -0.05062121] }
[00:00:15.983] (990) INFO   Rune executed MoveRune { entity: 0, desired_amount: Vector3 [0.0862409, 9.333606e-14, -0.05062122] }
[00:00:16.000] (990) INFO   Rune executed MoveRune { entity: 0, desired_amount: Vector3 [0.086240895, 9.333606e-14, -0.05062121] }
[00:00:16.014] (990) INFO   Rune executed MoveRune { entity: 0, desired_amount: Vector3 [0.08624091, 9.333607e-14, -0.05062122] }
[00:00:16.029] (990) INFO   Rune executed MoveRune { entity: 0, desired_amount: Vector3 [0.086240895, 9.333606e-14, -0.05062121] }
[00:00:16.045] (990) INFO   Rune executed MoveRune { entity: 0, desired_amount: Vector3 [0.0862409, 9.333607e-14, -0.05062122] }
[00:00:16.061] (990) INFO   Rune executed MoveRune { entity: 0, desired_amount: Vector3 [0.0862409, 9.333607e-14, -0.05062122] }
[00:00:16.076] (990) INFO   Rune executed MoveRune { entity: 0, desired_amount: Vector3 [0.0862409, 9.3336085e-14, -0.05062122] }
[00:00:16.092] (990) INFO   Rune executed MoveRune { entity: 0, desired_amount: Vector3 [0.08624091, 9.3336085e-14, -0.05062122] }
[00:00:16.107] (990) INFO   Rune executed MoveRune { entity: 0, desired_amount: Vector3 [0.08624091, 9.3336085e-14, -0.05062122] }
[00:00:16.123] (990) INFO   Rune executed MoveRune { entity: 0, desired_amount: Vector3 [0.0862409, 9.3336085e-14, -0.05062122] }
[00:00:16.138] (990) INFO   Rune executed MoveRune { entity: 0, desired_amount: Vector3 [0.0862409, 9.3336085e-14, -0.05062122] }
[00:00:16.154] (990) INFO   Rune executed MoveRune { entity: 0, desired_amount: Vector3 [0.08624091, 9.333609e-14, -0.05062122] }
[00:00:16.184] (990) INFO   Rune executed MoveRune { entity: 0, desired_amount: Vector3 [0.08624091, 9.333609e-14, -0.05062122] }
[00:00:16.199] (990) INFO   Rune executed MoveRune { entity: 0, desired_amount: Vector3 [0.086240895, 9.333609e-14, -0.05062122] }
[00:00:16.215] (990) INFO   Rune executed MoveRune { entity: 0, desired_amount: Vector3 [0.086240895, 9.333609e-14, -0.05062122] }
[00:00:16.231] (990) INFO   Rune executed MoveRune { entity: 0, desired_amount: Vector3 [0.08624091, 9.3336105e-14, -0.05062122] }
[00:00:16.246] (990) INFO   Rune executed MoveRune { entity: 0, desired_amount: Vector3 [0.0862409, 9.3336105e-14, -0.05062122] }
[00:00:16.261] (990) INFO   Rune executed MoveRune { entity: 0, desired_amount: Vector3 [0.086240895, 9.333609e-14, -0.05062122] }
[00:00:16.278] (990) INFO   Rune executed MoveRune { entity: 0, desired_amount: Vector3 [0.086240895, 9.3336105e-14, -0.05062122] }
[00:00:16.293] (990) INFO   Rune executed MoveRune { entity: 0, desired_amount: Vector3 [0.08624091, 9.333611e-14, -0.050621223] }
[00:00:16.309] (990) INFO   Rune executed MoveRune { entity: 0, desired_amount: Vector3 [0.08624091, 9.333611e-14, -0.05062122] }
[00:00:16.325] (990) INFO   Rune executed MoveRune { entity: 0, desired_amount: Vector3 [0.0862409, 9.333611e-14, -0.05062122] }
[00:00:16.340] (990) INFO   Rune executed MoveRune { entity: 0, desired_amount: Vector3 [0.086240895, 9.3336105e-14, -0.05062122] }
[00:00:16.356] (990) INFO   Rune executed MoveRune { entity: 0, desired_amount: Vector3 [0.0862409, 9.333611e-14, -0.05062122] }
[00:00:16.371] (990) INFO   Rune executed MoveRune { entity: 0, desired_amount: Vector3 [0.0862409, 9.333611e-14, -0.05062122] }
[00:00:16.387] (990) INFO   Rune executed MoveRune { entity: 0, desired_amount: Vector3 [0.0862409, 9.333611e-14, -0.05062122] }
[00:00:16.402] (990) INFO   Rune executed MoveRune { entity: 0, desired_amount: Vector3 [0.086240895, 9.3336105e-14, -0.05062121] }
[00:00:16.417] (990) INFO   Rune executed MoveRune { entity: 0, desired_amount: Vector3 [0.0862409, 9.333611e-14, -0.05062121] }
[00:00:16.433] (990) INFO   Rune executed MoveRune { entity: 0, desired_amount: Vector3 [0.0862409, 9.3336126e-14, -0.05062122] }
[00:00:16.448] (990) INFO   Rune executed MoveRune { entity: 0, desired_amount: Vector3 [0.08624091, 9.3336126e-14, -0.05062122] }
[00:00:16.463] (990) INFO   Rune executed MoveRune { entity: 0, desired_amount: Vector3 [0.086240895, 9.333611e-14, -0.05062121] }
[00:00:16.479] (990) INFO   Rune executed MoveRune { entity: 0, desired_amount: Vector3 [0.0862409, 9.333614e-14, -0.05062122] }
[00:00:16.494] (990) INFO   Rune executed MoveRune { entity: 0, desired_amount: Vector3 [0.0862409, 9.3336126e-14, -0.05062121] }
[00:00:16.510] (990) INFO   Rune executed MoveRune { entity: 0, desired_amount: Vector3 [0.0862409, 9.333614e-14, -0.05062122] }
[00:00:16.525] (990) INFO   Rune executed MoveRune { entity: 0, desired_amount: Vector3 [0.086240895, 9.333614e-14, -0.05062121] }
[00:00:16.541] (990) INFO   Rune executed MoveRune { entity: 0, desired_amount: Vector3 [0.08624091, 9.3336146e-14, -0.05062122] }
[00:00:16.557] (990) INFO   Rune executed MoveRune { entity: 0, desired_amount: Vector3 [0.086240895, 9.333614e-14, -0.05062121] }
[00:00:16.572] (990) INFO   Rune executed MoveRune { entity: 0, desired_amount: Vector3 [0.086240895, 9.333614e-14, -0.05062121] }
[00:00:16.587] (990) INFO   Rune executed MoveRune { entity: 0, desired_amount: Vector3 [0.0862409, 9.3336146e-14, -0.05062122] }
[00:00:16.602] (990) INFO   Rune executed MoveRune { entity: 0, desired_amount: Vector3 [0.08624091, 9.3336146e-14, -0.05062122] }
[00:00:16.618] (990) INFO   Rune executed MoveRune { entity: 0, desired_amount: Vector3 [0.08624091, 9.333616e-14, -0.05062122] }
[00:00:16.633] (990) INFO   Rune executed MoveRune { entity: 0, desired_amount: Vector3 [0.086240895, 9.3336146e-14, -0.05062122] }
[00:00:16.649] (990) INFO   Rune executed MoveRune { entity: 0, desired_amount: Vector3 [0.086240895, 9.3336146e-14, -0.05062121] }
[00:00:16.665] (990) INFO   Rune executed MoveRune { entity: 0, desired_amount: Vector3 [0.0862409, 9.333616e-14, -0.05062122] }
[00:00:16.681] (990) INFO   Rune executed MoveRune { entity: 0, desired_amount: Vector3 [0.086240895, 9.333616e-14, -0.05062121] }
[00:00:16.711] (990) INFO   Rune executed MoveRune { entity: 0, desired_amount: Vector3 [0.0862409, 9.333616e-14, -0.05062122] }
[00:00:16.726] (990) INFO   Rune executed MoveRune { entity: 0, desired_amount: Vector3 [0.0862409, 9.3336166e-14, -0.05062122] }
[00:00:16.762] (990) INFO   Rune executed MoveRune { entity: 0, desired_amount: Vector3 [0.0862409, 9.3336166e-14, -0.05062122] }
[00:00:16.788] (990) INFO   Rune executed MoveRune { entity: 0, desired_amount: Vector3 [0.086240895, 9.3336166e-14, -0.05062121] }
[00:00:16.803] (990) INFO   Rune executed MoveRune { entity: 0, desired_amount: Vector3 [0.0862409, 9.3336166e-14, -0.05062122] }
[00:00:16.818] (990) INFO   Rune executed MoveRune { entity: 0, desired_amount: Vector3 [0.08624091, 9.333618e-14, -0.050621223] }
[00:00:16.834] (990) INFO   Rune executed MoveRune { entity: 0, desired_amount: Vector3 [0.086240895, 9.3336166e-14, -0.05062122] }
[00:00:16.849] (990) INFO   Rune executed MoveRune { entity: 0, desired_amount: Vector3 [0.086240895, 9.333618e-14, -0.05062122] }
[00:00:16.865] (990) INFO   Rune executed MoveRune { entity: 0, desired_amount: Vector3 [0.086240895, 9.333618e-14, -0.05062122] }
[00:00:16.880] (990) INFO   Rune executed MoveRune { entity: 0, desired_amount: Vector3 [0.086240895, 9.333618e-14, -0.05062121] }
[00:00:16.897] (990) INFO   Rune executed MoveRune { entity: 0, desired_amount: Vector3 [0.086240895, 9.333618e-14, -0.05062122] }
[00:00:16.912] (990) INFO   Rune executed MoveRune { entity: 0, desired_amount: Vector3 [0.0862409, 9.3336194e-14, -0.05062122] }
[00:00:16.928] (990) INFO   Rune executed MoveRune { entity: 0, desired_amount: Vector3 [0.0862409, 9.3336194e-14, -0.05062122] }
[00:00:16.957] (990) INFO   Rune executed MoveRune { entity: 0, desired_amount: Vector3 [0.0862409, 9.3336194e-14, -0.05062122] }
[00:00:16.974] (990) INFO   Rune executed MoveRune { entity: 0, desired_amount: Vector3 [0.086240895, 9.3336194e-14, -0.05062122] }
[00:00:16.989] (990) INFO   Rune executed MoveRune { entity: 0, desired_amount: Vector3 [0.0862409, 9.3336194e-14, -0.05062121] }
[00:00:17.004] (990) INFO   Rune executed MoveRune { entity: 0, desired_amount: Vector3 [0.0862409, 9.33362e-14, -0.05062122] }
[00:00:17.020] (990) INFO   Rune executed MoveRune { entity: 0, desired_amount: Vector3 [0.0862409, 9.33362e-14, -0.05062122] }
[00:00:17.036] (990) INFO   Rune executed MoveRune { entity: 0, desired_amount: Vector3 [0.086240895, 9.3336194e-14, -0.05062121] }
[00:00:17.051] (990) INFO   Rune executed MoveRune { entity: 0, desired_amount: Vector3 [0.0862409, 9.33362e-14, -0.05062122] }
[00:00:17.067] (990) INFO   Rune executed MoveRune { entity: 0, desired_amount: Vector3 [0.086240895, 9.33362e-14, -0.05062122] }
[00:00:17.083] (990) INFO   Rune executed MoveRune { entity: 0, desired_amount: Vector3 [0.0862409, 9.3336214e-14, -0.05062122] }
[00:00:17.099] (990) INFO   Rune executed MoveRune { entity: 0, desired_amount: Vector3 [0.086240895, 9.33362e-14, -0.05062121] }
[00:00:17.114] (990) INFO   Rune executed MoveRune { entity: 0, desired_amount: Vector3 [0.08624091, 9.3336214e-14, -0.05062122] }
[00:00:17.131] (990) INFO   Rune executed MoveRune { entity: 0, desired_amount: Vector3 [0.086240895, 9.3336214e-14, -0.05062121] }
[00:00:17.146] (990) INFO   Rune executed MoveRune { entity: 0, desired_amount: Vector3 [0.0862409, 9.333622e-14, -0.05062122] }
[00:00:17.162] (990) INFO   Rune executed MoveRune { entity: 0, desired_amount: Vector3 [0.086240895, 9.3336214e-14, -0.05062121] }
[00:00:17.177] (990) INFO   Rune executed MoveRune { entity: 0, desired_amount: Vector3 [0.0862409, 9.333622e-14, -0.05062122] }
[00:00:17.193] (990) INFO   Rune executed MoveRune { entity: 0, desired_amount: Vector3 [0.0862409, 9.333622e-14, -0.05062122] }
[00:00:17.209] (990) INFO   Rune executed MoveRune { entity: 0, desired_amount: Vector3 [0.0862409, 9.333622e-14, -0.05062122] }
[00:00:17.224] (990) INFO   Rune executed MoveRune { entity: 0, desired_amount: Vector3 [0.0862409, 9.333622e-14, -0.05062122] }
[00:00:17.240] (990) INFO   Rune executed MoveRune { entity: 0, desired_amount: Vector3 [0.08624091, 9.3336234e-14, -0.05062122] }
[00:00:17.255] (990) INFO   Rune executed MoveRune { entity: 0, desired_amount: Vector3 [0.0862409, 9.3336234e-14, -0.05062122] }
[00:00:17.270] (990) INFO   Rune executed MoveRune { entity: 0, desired_amount: Vector3 [0.0862409, 9.3336234e-14, -0.05062122] }
[00:00:17.287] (990) INFO   Rune executed MoveRune { entity: 0, desired_amount: Vector3 [0.0862409, 9.333625e-14, -0.05062122] }
[00:00:17.316] (990) INFO   Rune executed MoveRune { entity: 0, desired_amount: Vector3 [0.0862409, 9.333625e-14, -0.05062122] }
[00:00:17.332] (990) INFO   Rune executed MoveRune { entity: 0, desired_amount: Vector3 [0.086240895, 9.333625e-14, -0.05062122] }
[00:00:17.347] (990) INFO   Rune executed MoveRune { entity: 0, desired_amount: Vector3 [0.08624089, 9.3336234e-14, -0.05062121] }
[00:00:17.363] (990) INFO   Rune executed MoveRune { entity: 0, desired_amount: Vector3 [0.086240895, 9.333625e-14, -0.05062122] }
[00:00:17.379] (990) INFO   Rune executed MoveRune { entity: 0, desired_amount: Vector3 [0.086240895, 9.333625e-14, -0.05062122] }
[00:00:17.393] (990) INFO   Rune executed MoveRune { entity: 0, desired_amount: Vector3 [0.086240895, 9.333625e-14, -0.05062122] }
[00:00:17.409] (990) INFO   Rune executed MoveRune { entity: 0, desired_amount: Vector3 [0.0862409, 9.3336255e-14, -0.050621223] }
[00:00:17.425] (990) INFO   Rune executed MoveRune { entity: 0, desired_amount: Vector3 [0.0862409, 9.3336255e-14, -0.05062122] }
[00:00:17.440] (990) INFO   Rune executed MoveRune { entity: 0, desired_amount: Vector3 [0.0862409, 9.333627e-14, -0.05062122] }
[00:00:17.455] (990) INFO   Rune executed MoveRune { entity: 0, desired_amount: Vector3 [0.086240895, 9.3336255e-14, -0.05062122] }
[00:00:17.472] (990) INFO   Rune executed MoveRune { entity: 0, desired_amount: Vector3 [0.086240895, 9.3336255e-14, -0.05062122] }
[00:00:17.487] (990) INFO   Rune executed MoveRune { entity: 0, desired_amount: Vector3 [0.086240895, 9.3336255e-14, -0.05062122] }
[00:00:17.502] (990) INFO   Rune executed MoveRune { entity: 0, desired_amount: Vector3 [0.0862409, 9.333627e-14, -0.05062122] }
[00:00:17.517] (990) INFO   Rune executed MoveRune { entity: 0, desired_amount: Vector3 [0.086240895, 9.333627e-14, -0.05062122] }
[00:00:17.535] (990) INFO   Rune executed MoveRune { entity: 0, desired_amount: Vector3 [0.086240895, 9.333627e-14, -0.05062122] }
[00:00:17.564] (990) INFO   Rune executed MoveRune { entity: 0, desired_amount: Vector3 [0.0862409, 9.3336275e-14, -0.05062122] }
[00:00:17.580] (990) INFO   Rune executed MoveRune { entity: 0, desired_amount: Vector3 [0.086240895, 9.333627e-14, -0.05062121] }
[00:00:17.595] (990) INFO   Rune executed MoveRune { entity: 0, desired_amount: Vector3 [0.0862409, 9.3336275e-14, -0.05062122] }
[00:00:17.612] (990) INFO   Rune executed MoveRune { entity: 0, desired_amount: Vector3 [0.086240895, 9.3336275e-14, -0.05062121] }
[00:00:17.628] (990) INFO   Rune executed MoveRune { entity: 0, desired_amount: Vector3 [0.0862409, 9.3336275e-14, -0.05062122] }
[00:00:17.644] (990) INFO   Rune executed MoveRune { entity: 0, desired_amount: Vector3 [0.0862409, 9.333629e-14, -0.05062122] }
[00:00:17.659] (990) INFO   Rune executed MoveRune { entity: 0, desired_amount: Vector3 [0.0862409, 9.333629e-14, -0.05062122] }
[00:00:17.674] (990) INFO   Rune executed MoveRune { entity: 0, desired_amount: Vector3 [0.086240895, 9.333629e-14, -0.05062122] }
[00:00:17.690] (990) INFO   Rune executed MoveRune { entity: 0, desired_amount: Vector3 [0.086240895, 9.333629e-14, -0.05062121] }
[00:00:17.706] (990) INFO   Rune executed MoveRune { entity: 0, desired_amount: Vector3 [0.086240895, 9.333629e-14, -0.05062122] }
[00:00:17.737] (990) INFO   Rune executed MoveRune { entity: 0, desired_amount: Vector3 [0.0862409, 9.33363e-14, -0.05062122] }
[00:00:17.752] (990) INFO   Rune executed MoveRune { entity: 0, desired_amount: Vector3 [0.0862409, 9.33363e-14, -0.05062122] }
[00:00:17.768] (990) INFO   Rune executed MoveRune { entity: 0, desired_amount: Vector3 [0.0862409, 9.33363e-14, -0.05062122] }
[00:00:17.783] (990) INFO   Rune executed MoveRune { entity: 0, desired_amount: Vector3 [0.086240895, 9.33363e-14, -0.05062121] }
[00:00:17.797] (990) INFO   Rune executed MoveRune { entity: 0, desired_amount: Vector3 [0.0862409, 9.333631e-14, -0.05062122] }
[00:00:17.814] (990) INFO   Rune executed MoveRune { entity: 0, desired_amount: Vector3 [0.086240895, 9.33363e-14, -0.05062121] }
[00:00:17.828] (990) INFO   Rune executed MoveRune { entity: 0, desired_amount: Vector3 [0.08624091, 9.333631e-14, -0.05062122] }
[00:00:17.844] (990) INFO   Rune executed MoveRune { entity: 0, desired_amount: Vector3 [0.086240895, 9.333631e-14, -0.05062121] }
[00:00:17.860] (990) INFO   Rune executed MoveRune { entity: 0, desired_amount: Vector3 [0.08624089, 9.333631e-14, -0.05062121] }
[00:00:17.876] (990) INFO   Rune executed MoveRune { entity: 0, desired_amount: Vector3 [0.086240895, 9.333631e-14, -0.05062122] }
[00:00:17.891] (990) INFO   Rune executed MoveRune { entity: 0, desired_amount: Vector3 [0.0862409, 9.333632e-14, -0.05062122] }
[00:00:17.907] (990) INFO   Rune executed MoveRune { entity: 0, desired_amount: Vector3 [0.0862409, 9.333632e-14, -0.05062122] }
[00:00:17.922] (990) INFO   Rune executed MoveRune { entity: 0, desired_amount: Vector3 [0.08624089, 9.333632e-14, -0.05062122] }
[00:00:17.937] (990) INFO   Rune executed MoveRune { entity: 0, desired_amount: Vector3 [0.0862409, 9.333633e-14, -0.05062122] }
[00:00:17.953] (990) INFO   Rune executed MoveRune { entity: 0, desired_amount: Vector3 [0.086240895, 9.333632e-14, -0.05062122] }
[00:00:17.969] (990) INFO   Rune executed MoveRune { entity: 0, desired_amount: Vector3 [0.0862409, 9.333633e-14, -0.05062122] }
[00:00:17.984] (990) INFO   Rune executed MoveRune { entity: 0, desired_amount: Vector3 [0.0862409, 9.333634e-14, -0.050621223] }
[00:00:18.000] (990) INFO   Rune executed MoveRune { entity: 0, desired_amount: Vector3 [0.086240895, 9.333633e-14, -0.05062122] }
[00:00:18.016] (990) INFO   Rune executed MoveRune { entity: 0, desired_amount: Vector3 [0.0862409, 9.333634e-14, -0.05062122] }
[00:00:18.047] (990) INFO   Rune executed MoveRune { entity: 0, desired_amount: Vector3 [0.0862409, 9.333634e-14, -0.05062122] }
[00:00:18.062] (990) INFO   Rune executed MoveRune { entity: 0, desired_amount: Vector3 [0.0862409, 9.3336356e-14, -0.050621223] }
[00:00:18.078] (990) INFO   Rune executed MoveRune { entity: 0, desired_amount: Vector3 [0.086240895, 9.333634e-14, -0.05062122] }
[00:00:18.108] (990) INFO   Rune executed MoveRune { entity: 0, desired_amount: Vector3 [0.08624091, 9.3336356e-14, -0.05062122] }
[00:00:18.124] (990) INFO   Rune executed MoveRune { entity: 0, desired_amount: Vector3 [0.0862409, 9.3336356e-14, -0.05062122] }
[00:00:18.138] (990) INFO   Rune executed MoveRune { entity: 0, desired_amount: Vector3 [0.0862409, 9.3336356e-14, -0.05062122] }
[00:00:18.155] (990) INFO   Rune executed MoveRune { entity: 0, desired_amount: Vector3 [0.086240895, 9.333634e-14, -0.05062122] }
[00:00:18.170] (990) INFO   Rune executed MoveRune { entity: 0, desired_amount: Vector3 [0.0862409, 9.3336356e-14, -0.05062122] }
[00:00:18.185] (990) INFO   Rune executed MoveRune { entity: 0, desired_amount: Vector3 [0.0862409, 9.3336356e-14, -0.05062122] }
[00:00:18.201] (990) INFO   Rune executed MoveRune { entity: 0, desired_amount: Vector3 [0.0862409, 9.333636e-14, -0.05062122] }
[00:00:18.217] (990) INFO   Rune executed MoveRune { entity: 0, desired_amount: Vector3 [0.08624089, 9.3336356e-14, -0.05062121] }
[00:00:18.232] (990) INFO   Rune executed MoveRune { entity: 0, desired_amount: Vector3 [0.08624091, 9.3336376e-14, -0.050621223] }
[00:00:18.248] (990) INFO   Rune executed MoveRune { entity: 0, desired_amount: Vector3 [0.0862409, 9.333636e-14, -0.05062122] }
[00:00:18.264] (990) INFO   Rune executed MoveRune { entity: 0, desired_amount: Vector3 [0.0862409, 9.3336376e-14, -0.050621223] }
[00:00:18.280] (990) INFO   Rune executed MoveRune { entity: 0, desired_amount: Vector3 [0.0862409, 9.3336376e-14, -0.05062122] }
[00:00:18.295] (990) INFO   Rune executed MoveRune { entity: 0, desired_amount: Vector3 [0.0862409, 9.3336376e-14, -0.05062122] }
[00:00:18.311] (990) INFO   Rune executed MoveRune { entity: 0, desired_amount: Vector3 [0.0862409, 9.3336376e-14, -0.05062122] }
[00:00:18.326] (990) INFO   Rune executed MoveRune { entity: 0, desired_amount: Vector3 [0.08624091, 9.333638e-14, -0.050621223] }
[00:00:18.342] (990) INFO   Rune executed MoveRune { entity: 0, desired_amount: Vector3 [0.086240895, 9.3336376e-14, -0.05062122] }
[00:00:18.357] (990) INFO   Rune executed MoveRune { entity: 0, desired_amount: Vector3 [0.0862409, 9.333638e-14, -0.05062122] }
[00:00:18.372] (990) INFO   Rune executed MoveRune { entity: 0, desired_amount: Vector3 [0.086240895, 9.333638e-14, -0.05062122] }
[00:00:18.388] (990) INFO   Rune executed MoveRune { entity: 0, desired_amount: Vector3 [0.086240895, 9.333638e-14, -0.05062122] }
[00:00:18.403] (990) INFO   Rune executed MoveRune { entity: 0, desired_amount: Vector3 [0.0862409, 9.333638e-14, -0.05062122] }
[00:00:18.418] (990) INFO   Rune executed MoveRune { entity: 0, desired_amount: Vector3 [0.08624091, 9.33364e-14, -0.050621223] }
[00:00:18.434] (990) INFO   Rune executed MoveRune { entity: 0, desired_amount: Vector3 [0.086240895, 9.333638e-14, -0.05062122] }
[00:00:18.449] (990) INFO   Rune executed MoveRune { entity: 0, desired_amount: Vector3 [0.086240895, 9.33364e-14, -0.05062122] }
[00:00:18.464] (990) INFO   Rune executed MoveRune { entity: 0, desired_amount: Vector3 [0.086240895, 9.33364e-14, -0.05062122] }
[00:00:18.479] (990) INFO   Rune executed MoveRune { entity: 0, desired_amount: Vector3 [0.0862409, 9.333641e-14, -0.05062122] }
[00:00:18.495] (990) INFO   Rune executed MoveRune { entity: 0, desired_amount: Vector3 [0.086240895, 9.33364e-14, -0.05062122] }
[00:00:18.510] (990) INFO   Rune executed MoveRune { entity: 0, desired_amount: Vector3 [0.086240895, 9.333641e-14, -0.05062122] }
[00:00:18.525] (990) INFO   Rune executed MoveRune { entity: 0, desired_amount: Vector3 [0.086240895, 9.333641e-14, -0.05062122] }
[00:00:18.540] (990) INFO   Rune executed MoveRune { entity: 0, desired_amount: Vector3 [0.086240895, 9.333641e-14, -0.05062122] }
[00:00:18.556] (990) INFO   Rune executed MoveRune { entity: 0, desired_amount: Vector3 [0.0862409, 9.333642e-14, -0.05062122] }
[00:00:18.571] (990) INFO   Rune executed MoveRune { entity: 0, desired_amount: Vector3 [0.086240895, 9.333642e-14, -0.05062122] }
[00:00:18.587] (990) INFO   Rune executed MoveRune { entity: 0, desired_amount: Vector3 [0.0862409, 9.333642e-14, -0.050621223] }
[00:00:18.602] (990) INFO   Rune executed MoveRune { entity: 0, desired_amount: Vector3 [0.086240895, 9.333641e-14, -0.05062122] }
[00:00:18.618] (990) INFO   Rune executed MoveRune { entity: 0, desired_amount: Vector3 [0.086240895, 9.333642e-14, -0.05062121] }
[00:00:18.634] (990) INFO   Rune executed MoveRune { entity: 0, desired_amount: Vector3 [0.086240895, 9.333642e-14, -0.05062121] }
[00:00:18.650] (990) INFO   Rune executed MoveRune { entity: 0, desired_amount: Vector3 [0.0862409, 9.333642e-14, -0.05062122] }
[00:00:18.665] (990) INFO   Rune executed MoveRune { entity: 0, desired_amount: Vector3 [0.0862409, 9.333643e-14, -0.05062122] }
[00:00:18.681] (990) INFO   Rune executed MoveRune { entity: 0, desired_amount: Vector3 [0.0862409, 9.333643e-14, -0.05062122] }
[00:00:18.697] (990) INFO   Rune executed MoveRune { entity: 0, desired_amount: Vector3 [0.0862409, 9.333643e-14, -0.050621223] }
[00:00:18.713] (990) INFO   Rune executed MoveRune { entity: 0, desired_amount: Vector3 [0.0862409, 9.333643e-14, -0.05062122] }
[00:00:18.727] (990) INFO   Rune executed MoveRune { entity: 0, desired_amount: Vector3 [0.086240895, 9.333643e-14, -0.05062122] }
[00:00:18.742] (990) INFO   Rune executed MoveRune { entity: 0, desired_amount: Vector3 [0.0862409, 9.333644e-14, -0.05062122] }
[00:00:18.757] (990) INFO   Rune executed MoveRune { entity: 0, desired_amount: Vector3 [0.0862409, 9.333644e-14, -0.050621223] }
[00:00:18.773] (990) INFO   Rune executed MoveRune { entity: 0, desired_amount: Vector3 [0.0862409, 9.333645e-14, -0.05062122] }
[00:00:18.789] (990) INFO   Rune executed MoveRune { entity: 0, desired_amount: Vector3 [0.0862409, 9.333645e-14, -0.05062122] }
[00:00:18.804] (990) INFO   Rune executed MoveRune { entity: 0, desired_amount: Vector3 [0.086240895, 9.333645e-14, -0.05062122] }
[00:00:18.820] (990) INFO   Rune executed MoveRune { entity: 0, desired_amount: Vector3 [0.086240895, 9.333644e-14, -0.05062122] }
[00:00:18.851] (990) INFO   Rune executed MoveRune { entity: 0, desired_amount: Vector3 [0.08624091, 9.3336465e-14, -0.050621223] }
[00:00:18.866] (990) INFO   Rune executed MoveRune { entity: 0, desired_amount: Vector3 [0.086240895, 9.333645e-14, -0.05062122] }
[00:00:18.881] (990) INFO   Rune executed MoveRune { entity: 0, desired_amount: Vector3 [0.0862409, 9.3336465e-14, -0.05062122] }
[00:00:18.896] (990) INFO   Rune executed MoveRune { entity: 0, desired_amount: Vector3 [0.0862409, 9.3336465e-14, -0.050621223] }
[00:00:18.912] (990) INFO   Rune executed MoveRune { entity: 0, desired_amount: Vector3 [0.086240895, 9.3336465e-14, -0.05062122] }
[00:00:18.928] (990) INFO   Rune executed MoveRune { entity: 0, desired_amount: Vector3 [0.0862409, 9.3336465e-14, -0.05062122] }
[00:00:18.957] (990) INFO   Rune executed MoveRune { entity: 0, desired_amount: Vector3 [0.0862409, 9.333647e-14, -0.05062122] }
[00:00:18.978] (990) INFO   Rune executed MoveRune { entity: 0, desired_amount: Vector3 [0.0862409, 9.333647e-14, -0.05062122] }
[00:00:19.004] (990) INFO   Rune executed MoveRune { entity: 0, desired_amount: Vector3 [0.086240895, 9.333647e-14, -0.05062122] }
[00:00:19.020] (990) INFO   Rune executed MoveRune { entity: 0, desired_amount: Vector3 [0.0862409, 9.333647e-14, -0.05062122] }
[00:00:19.036] (990) INFO   Rune executed MoveRune { entity: 0, desired_amount: Vector3 [0.086240895, 9.333647e-14, -0.05062122] }
[00:00:19.051] (990) INFO   Rune executed MoveRune { entity: 0, desired_amount: Vector3 [0.086240895, 9.333647e-14, -0.05062122] }
[00:00:19.067] (990) INFO   Rune executed MoveRune { entity: 0, desired_amount: Vector3 [0.086240895, 9.3336485e-14, -0.05062122] }
[00:00:19.084] (990) INFO   Rune executed MoveRune { entity: 0, desired_amount: Vector3 [0.08624091, 9.333649e-14, -0.050621223] }
[00:00:19.114] (990) INFO   Rune executed MoveRune { entity: 0, desired_amount: Vector3 [0.0862409, 9.3336485e-14, -0.05062122] }
[00:00:19.144] (990) INFO   Rune executed MoveRune { entity: 0, desired_amount: Vector3 [0.086240895, 9.3336485e-14, -0.05062122] }
[00:00:19.160] (990) INFO   Rune executed MoveRune { entity: 0, desired_amount: Vector3 [0.086240895, 9.333649e-14, -0.05062122] }
[00:00:19.175] (990) INFO   Rune executed MoveRune { entity: 0, desired_amount: Vector3 [0.086240895, 9.333649e-14, -0.05062122] }
[00:00:19.191] (990) INFO   Rune executed MoveRune { entity: 0, desired_amount: Vector3 [0.0862409, 9.333649e-14, -0.05062122] }
[00:00:19.206] (990) INFO   Rune executed MoveRune { entity: 0, desired_amount: Vector3 [0.086240895, 9.333649e-14, -0.05062122] }
[00:00:19.221] (990) INFO   Rune executed MoveRune { entity: 0, desired_amount: Vector3 [0.0862409, 9.333649e-14, -0.05062122] }
[00:00:19.235] (990) INFO   Rune executed MoveRune { entity: 0, desired_amount: Vector3 [0.08624091, 9.3336505e-14, -0.05062122] }
[00:00:19.251] (990) INFO   Rune executed MoveRune { entity: 0, desired_amount: Vector3 [0.086240895, 9.333649e-14, -0.05062121] }
[00:00:19.267] (990) INFO   Rune executed MoveRune { entity: 0, desired_amount: Vector3 [0.086240895, 9.333649e-14, -0.05062122] }
[00:00:19.282] (990) INFO   Rune executed MoveRune { entity: 0, desired_amount: Vector3 [0.0862409, 9.3336505e-14, -0.05062122] }
[00:00:19.297] (990) INFO   Rune executed MoveRune { entity: 0, desired_amount: Vector3 [0.086240895, 9.3336505e-14, -0.05062122] }
[00:00:19.313] (990) INFO   Rune executed MoveRune { entity: 0, desired_amount: Vector3 [0.0862409, 9.3336505e-14, -0.05062122] }
[00:00:19.330] (990) INFO   Rune executed MoveRune { entity: 0, desired_amount: Vector3 [0.0862409, 9.333652e-14, -0.05062122] }
[00:00:19.344] (990) INFO   Rune executed MoveRune { entity: 0, desired_amount: Vector3 [0.0862409, 9.333652e-14, -0.05062122] }
[00:00:19.360] (990) INFO   Rune executed MoveRune { entity: 0, desired_amount: Vector3 [0.086240895, 9.333652e-14, -0.05062122] }
[00:00:19.375] (990) INFO   Rune executed MoveRune { entity: 0, desired_amount: Vector3 [0.0862409, 9.3336526e-14, -0.05062122] }
[00:00:19.391] (990) INFO   Rune executed MoveRune { entity: 0, desired_amount: Vector3 [0.086240895, 9.333652e-14, -0.05062122] }
[00:00:19.406] (990) INFO   Rune executed MoveRune { entity: 0, desired_amount: Vector3 [0.08624091, 9.3336526e-14, -0.050621223] }
[00:00:19.422] (990) INFO   Rune executed MoveRune { entity: 0, desired_amount: Vector3 [0.086240895, 9.3336526e-14, -0.05062122] }
[00:00:19.438] (990) INFO   Rune executed MoveRune { entity: 0, desired_amount: Vector3 [0.086240895, 9.3336526e-14, -0.05062121] }
[00:00:19.453] (990) INFO   Rune executed MoveRune { entity: 0, desired_amount: Vector3 [0.0862409, 9.3336526e-14, -0.05062122] }
[00:00:19.468] (990) INFO   Rune executed MoveRune { entity: 0, desired_amount: Vector3 [0.0862409, 9.333654e-14, -0.050621223] }
[00:00:19.484] (990) INFO   Rune executed MoveRune { entity: 0, desired_amount: Vector3 [0.0862409, 9.333654e-14, -0.050621223] }
[00:00:19.500] (990) INFO   Rune executed MoveRune { entity: 0, desired_amount: Vector3 [0.086240895, 9.333654e-14, -0.05062122] }
